2025-01-19T08:21:47.913794+05:30 dinesh kernel: audit: type=1400 audit(1737255107.912:165): apparmor="DENIED" operation="capable" class="cap" profile="/usr/lib/snapd/snap-confine" pid=1491 comm="snap-confine" capability=12  capname="net_admin"
2025-01-19T08:21:47.913828+05:30 dinesh kernel: audit: type=1400 audit(1737255107.912:166): apparmor="DENIED" operation="capable" class="cap" profile="/usr/lib/snapd/snap-confine" pid=1491 comm="snap-confine" capability=38  capname="perfmon"
2025-01-19T08:21:48.169747+05:30 dinesh kernel: audit: type=1400 audit(1737255108.168:167): apparmor="DENIED" operation="open" class="file" profile="snap-update-ns.snapd-desktop-integration" name="/proc/1557/maps" pid=1557 comm="5" requested_mask="r" denied_mask="r" fsuid=120 ouid=0
2025-01-19T08:21:48.281790+05:30 dinesh kernel: ucsi_acpi USBC000:00: error -ETIMEDOUT: PPM init failed
2025-01-19T08:21:48.454765+05:30 dinesh kernel: Bluetooth: hci0: Device setup in 2729710 usecs
2025-01-19T08:21:48.454778+05:30 dinesh kernel: Bluetooth: hci0: HCI Enhanced Setup Synchronous Connection command is advertised, but not supported.
2025-01-19T08:21:48.520743+05:30 dinesh kernel: Bluetooth: hci0: AOSP extensions version v1.00
2025-01-19T08:21:48.520761+05:30 dinesh kernel: Bluetooth: hci0: AOSP quality report is supported
2025-01-19T08:21:48.520765+05:30 dinesh kernel: Bluetooth: MGMT ver 1.22
2025-01-19T08:21:48.541733+05:30 dinesh kernel: NET: Registered PF_ALG protocol family
2025-01-19T08:21:48.566730+05:30 dinesh kernel: Bluetooth: RFCOMM TTY layer initialized
2025-01-19T08:21:48.566739+05:30 dinesh kernel: Bluetooth: RFCOMM socket layer initialized
2025-01-19T08:21:48.566740+05:30 dinesh kernel: Bluetooth: RFCOMM ver 1.11
2025-01-19T08:21:52.716739+05:30 dinesh kernel: rfkill: input handler disabled
2025-01-19T08:21:52.854731+05:30 dinesh kernel: Lockdown: systemd-logind: hibernation is restricted; see man kernel_lockdown.7
2025-01-19T08:21:59.702857+05:30 dinesh kernel: wlp3s0: authenticate with ac:37:28:00:71:69 (local address=ec:2e:98:e4:7a:39)
2025-01-19T08:21:59.843810+05:30 dinesh kernel: wlp3s0: send auth to ac:37:28:00:71:69 (try 1/3)
2025-01-19T08:21:59.846768+05:30 dinesh kernel: wlp3s0: authenticated
2025-01-19T08:21:59.847758+05:30 dinesh kernel: wlp3s0: associate with ac:37:28:00:71:69 (try 1/3)
2025-01-19T08:21:59.853829+05:30 dinesh kernel: wlp3s0: RX AssocResp from ac:37:28:00:71:69 (capab=0x1411 status=0 aid=4)
2025-01-19T08:21:59.867778+05:30 dinesh kernel: wlp3s0: associated
2025-01-19T08:21:59.924784+05:30 dinesh kernel: wlp3s0: Limiting TX power to 20 (20 - 0) dBm as advertised by ac:37:28:00:71:69
2025-01-19T08:22:01.067812+05:30 dinesh kernel: audit: type=1400 audit(1737255121.066:168): apparmor="STATUS" operation="profile_load" profile="unconfined" name="docker-default" pid=2122 comm="apparmor_parser"
2025-01-19T08:22:01.094729+05:30 dinesh kernel: evm: overlay not supported
2025-01-19T08:22:01.294758+05:30 dinesh kernel: Initializing XFRM netlink socket
2025-01-19T08:22:01.356770+05:30 dinesh kernel: bridge: filtering via arp/ip/ip6tables is no longer available by default. Update your scripts to load br_netfilter if you need this.
2025-01-19T08:22:08.219737+05:30 dinesh kernel: audit: type=1400 audit(1737255128.218:169): apparmor="DENIED" operation="capable" class="cap" profile="/usr/lib/snapd/snap-confine" pid=2406 comm="snap-confine" capability=12  capname="net_admin"
2025-01-19T08:22:08.219757+05:30 dinesh kernel: audit: type=1400 audit(1737255128.218:170): apparmor="DENIED" operation="capable" class="cap" profile="/usr/lib/snapd/snap-confine" pid=2406 comm="snap-confine" capability=38  capname="perfmon"
2025-01-19T08:22:08.225765+05:30 dinesh kernel: audit: type=1400 audit(1737255128.224:171): apparmor="DENIED" operation="open" class="file" profile="snap-update-ns.snapd-desktop-integration" name="/proc/2471/maps" pid=2471 comm="5" requested_mask="r" denied_mask="r" fsuid=1000 ouid=0
2025-01-19T08:22:10.045732+05:30 dinesh kernel: rfkill: input handler enabled
2025-01-19T08:22:11.958813+05:30 dinesh kernel: audit: type=1400 audit(1737255131.957:172): apparmor="DENIED" operation="capable" class="cap" profile="/usr/lib/snapd/snap-confine" pid=2581 comm="snap-confine" capability=12  capname="net_admin"
2025-01-19T08:22:11.958846+05:30 dinesh kernel: audit: type=1400 audit(1737255131.957:173): apparmor="DENIED" operation="capable" class="cap" profile="/usr/lib/snapd/snap-confine" pid=2581 comm="snap-confine" capability=38  capname="perfmon"
2025-01-19T08:22:11.970817+05:30 dinesh kernel: audit: type=1400 audit(1737255131.968:174): apparmor="DENIED" operation="open" class="file" profile="snap-update-ns.snapd-desktop-integration" name="/proc/2599/maps" pid=2599 comm="5" requested_mask="r" denied_mask="r" fsuid=1000 ouid=0
2025-01-19T08:22:13.344783+05:30 dinesh kernel: audit: type=1326 audit(1737255133.343:175): auid=1000 uid=1000 gid=1000 ses=3 subj=snap.snapd-desktop-integration.snapd-desktop-integration pid=2630 comm="snapd-desktop-i" exe="/snap/snapd-desktop-integration/253/usr/bin/snapd-desktop-integration" sig=0 arch=c000003e syscall=203 compat=0 ip=0x70527e449531 code=0x50000
2025-01-19T08:22:13.344810+05:30 dinesh kernel: audit: type=1326 audit(1737255133.343:176): auid=1000 uid=1000 gid=1000 ses=3 subj=snap.snapd-desktop-integration.snapd-desktop-integration pid=2630 comm="snapd-desktop-i" exe="/snap/snapd-desktop-integration/253/usr/bin/snapd-desktop-integration" sig=0 arch=c000003e syscall=141 compat=0 ip=0x70527e4c878b code=0x50000
2025-01-19T08:22:13.349783+05:30 dinesh kernel: audit: type=1326 audit(1737255133.348:177): auid=1000 uid=1000 gid=1000 ses=3 subj=snap.snapd-desktop-integration.snapd-desktop-integration pid=2630 comm="snapd-desktop-i" exe="/snap/snapd-desktop-integration/253/usr/bin/snapd-desktop-integration" sig=0 arch=c000003e syscall=203 compat=0 ip=0x70527e449531 code=0x50000
2025-01-19T08:22:13.349807+05:30 dinesh kernel: audit: type=1326 audit(1737255133.348:178): auid=1000 uid=1000 gid=1000 ses=3 subj=snap.snapd-desktop-integration.snapd-desktop-integration pid=2630 comm="snapd-desktop-i" exe="/snap/snapd-desktop-integration/253/usr/bin/snapd-desktop-integration" sig=0 arch=c000003e syscall=203 compat=0 ip=0x70527e449531 code=0x50000
2025-01-19T08:22:13.349811+05:30 dinesh kernel: audit: type=1326 audit(1737255133.348:179): auid=1000 uid=1000 gid=1000 ses=3 subj=snap.snapd-desktop-integration.snapd-desktop-integration pid=2630 comm="snapd-desktop-i" exe="/snap/snapd-desktop-integration/253/usr/bin/snapd-desktop-integration" sig=0 arch=c000003e syscall=203 compat=0 ip=0x70527e449531 code=0x50000
2025-01-19T08:22:13.349814+05:30 dinesh kernel: audit: type=1326 audit(1737255133.348:180): auid=1000 uid=1000 gid=1000 ses=3 subj=snap.snapd-desktop-integration.snapd-desktop-integration pid=2630 comm="snapd-desktop-i" exe="/snap/snapd-desktop-integration/253/usr/bin/snapd-desktop-integration" sig=0 arch=c000003e syscall=203 compat=0 ip=0x70527e449531 code=0x50000
2025-01-19T08:22:13.349817+05:30 dinesh kernel: audit: type=1326 audit(1737255133.348:181): auid=1000 uid=1000 gid=1000 ses=3 subj=snap.snapd-desktop-integration.snapd-desktop-integration pid=2630 comm="snapd-desktop-i" exe="/snap/snapd-desktop-integration/253/usr/bin/snapd-desktop-integration" sig=0 arch=c000003e syscall=203 compat=0 ip=0x70527e449531 code=0x50000
2025-01-19T08:22:13.349819+05:30 dinesh kernel: audit: type=1326 audit(1737255133.348:182): auid=1000 uid=1000 gid=1000 ses=3 subj=snap.snapd-desktop-integration.snapd-desktop-integration pid=2630 comm="snapd-desktop-i" exe="/snap/snapd-desktop-integration/253/usr/bin/snapd-desktop-integration" sig=0 arch=c000003e syscall=203 compat=0 ip=0x70527e449531 code=0x50000
2025-01-19T08:22:13.407821+05:30 dinesh kernel: audit: type=1326 audit(1737255133.406:183): auid=1000 uid=1000 gid=1000 ses=3 subj=snap.snapd-desktop-integration.snapd-desktop-integration pid=2630 comm="snapd-desktop-i" exe="/snap/snapd-desktop-integration/253/usr/bin/snapd-desktop-integration" sig=0 arch=c000003e syscall=203 compat=0 ip=0x70527e449531 code=0x50000
2025-01-19T08:22:13.407868+05:30 dinesh kernel: audit: type=1326 audit(1737255133.406:184): auid=1000 uid=1000 gid=1000 ses=3 subj=snap.snapd-desktop-integration.snapd-desktop-integration pid=2630 comm="snapd-desktop-i" exe="/snap/snapd-desktop-integration/253/usr/bin/snapd-desktop-integration" sig=0 arch=c000003e syscall=141 compat=0 ip=0x70527e4c878b code=0x50000
2025-01-19T08:22:16.431730+05:30 dinesh kernel: Lockdown: systemd-logind: hibernation is restricted; see man kernel_lockdown.7
2025-01-19T08:22:16.587744+05:30 dinesh kernel: rfkill: input handler disabled
2025-01-19T08:22:18.290735+05:30 dinesh kernel: [drm:nv_drm_master_set [nvidia_drm]] *ERROR* [nvidia-drm] [GPU ID 0x00000100] Failed to grab modeset ownership
2025-01-19T08:22:18.437770+05:30 dinesh kernel: message repeated 11 times: [ [drm:nv_drm_master_set [nvidia_drm]] *ERROR* [nvidia-drm] [GPU ID 0x00000100] Failed to grab modeset ownership]
2025-01-19T08:25:26.490450+05:30 dinesh kernel: Lockdown: systemd-logind: hibernation is restricted; see man kernel_lockdown.7
2025-01-19T08:25:40.148471+05:30 dinesh kernel: warning: `ThreadPoolForeg' uses wireless extensions which will stop working for Wi-Fi 7 hardware; use nl80211
2025-01-19T08:26:14.477440+05:30 dinesh kernel: Lockdown: systemd-logind: hibernation is restricted; see man kernel_lockdown.7
2025-01-19T08:26:17.278430+05:30 dinesh kernel: message repeated 3 times: [ Lockdown: systemd-logind: hibernation is restricted; see man kernel_lockdown.7]
2025-01-19T08:28:03.202402+05:30 dinesh kernel: workqueue: pm_runtime_work hogged CPU for >10000us 4 times, consider switching to WQ_UNBOUND
2025-01-19T08:41:02.154439+05:30 dinesh kernel: Lockdown: systemd-logind: hibernation is restricted; see man kernel_lockdown.7
2025-01-19T08:41:16.154472+05:30 dinesh kernel: Lockdown: systemd-logind: hibernation is restricted; see man kernel_lockdown.7
2025-01-19T08:53:38.026721+05:30 dinesh kernel: snd_hda_intel 0000:00:1f.3: Unstable LPIB (261488 >= 8192); disabling LPIB delay counting
2025-01-19T09:00:52.248465+05:30 dinesh kernel: kauditd_printk_skb: 7 callbacks suppressed
2025-01-19T09:00:52.248502+05:30 dinesh kernel: audit: type=1400 audit(1737257452.246:192): apparmor="DENIED" operation="open" class="file" profile="snap-update-ns.firmware-updater" name="/proc/11752/maps" pid=11752 comm="5" requested_mask="r" denied_mask="r" fsuid=1000 ouid=0
2025-01-19T09:00:52.544430+05:30 dinesh kernel: audit: type=1400 audit(1737257452.542:193): apparmor="DENIED" operation="open" class="file" profile="snap.firmware-updater.firmware-notifier" name="/proc/sys/vm/max_map_count" pid=11725 comm="firmware-notifi" requested_mask="r" denied_mask="r" fsuid=1000 ouid=0
2025-01-19T09:34:11.714416+05:30 dinesh kernel: workqueue: pm_runtime_work hogged CPU for >10000us 8 times, consider switching to WQ_UNBOUND
2025-01-19T09:42:13.950477+05:30 dinesh kernel: workqueue: acpi_os_execute_deferred hogged CPU for >10000us 4 times, consider switching to WQ_UNBOUND
2025-01-19T09:42:14.314438+05:30 dinesh kernel: gdbus[19524]: segfault at 0 ip 000076df7658afaf sp 000076df6a5ffa48 error 4 in libc.so.6[76df76428000+188000] likely on CPU 4 (core 0, socket 0)
2025-01-19T09:42:14.314472+05:30 dinesh kernel: Code: 2e 0f 1f 84 00 00 00 00 00 66 90 f3 0f 1e fa c4 41 01 ef ff 89 f8 09 f0 c1 e0 14 3d 00 00 00 f8 0f 87 25 03 00 00 c5 fe 6f 07 <c5> fd 74 0e c5 85 74 d0 c5 ed df c9 c5 fd d7 c9 ff c1 74 5d f3 0f
2025-01-19T09:42:16.255409+05:30 dinesh kernel: Lockdown: systemd-logind: hibernation is restricted; see man kernel_lockdown.7
2025-01-19T09:42:16.294479+05:30 dinesh kernel: message repeated 5 times: [ Lockdown: systemd-logind: hibernation is restricted; see man kernel_lockdown.7]
2025-01-19T09:42:16.304445+05:30 dinesh kernel: wlp3s0: deauthenticating from ac:37:28:00:71:69 by local choice (Reason: 3=DEAUTH_LEAVING)
2025-01-19T09:42:16.307411+05:30 dinesh kernel: Lockdown: systemd-logind: hibernation is restricted; see man kernel_lockdown.7
2025-01-19T09:42:16.508463+05:30 dinesh kernel: message repeated 3 times: [ Lockdown: systemd-logind: hibernation is restricted; see man kernel_lockdown.7]
2025-01-19T09:42:21.126464+05:30 dinesh kernel: rfkill: input handler enabled
2025-01-19T09:42:21.247535+05:30 dinesh kernel: PM: suspend entry (deep)
2025-01-19T09:42:21.253425+05:30 dinesh kernel: Filesystems sync: 0.005 seconds
2025-01-19T09:42:21.267418+05:30 dinesh kernel: Freezing user space processes
2025-01-19T20:09:02.666914+05:30 dinesh kernel: Freezing user space processes completed (elapsed 0.003 seconds)
2025-01-19T20:09:02.666964+05:30 dinesh kernel: OOM killer disabled.
2025-01-19T20:09:02.666970+05:30 dinesh kernel: Freezing remaining freezable tasks
2025-01-19T20:09:02.666975+05:30 dinesh kernel: Freezing remaining freezable tasks completed (elapsed 0.001 seconds)
2025-01-19T20:09:02.666980+05:30 dinesh kernel: printk: Suspending console(s) (use no_console_suspend to debug)
2025-01-19T20:09:02.666983+05:30 dinesh kernel: sd 0:0:0:0: [sda] Synchronizing SCSI cache
2025-01-19T20:09:02.666987+05:30 dinesh kernel: ata1.00: Entering standby power mode
2025-01-19T20:09:02.666991+05:30 dinesh kernel: ACPI: EC: interrupt blocked
2025-01-19T20:09:02.666994+05:30 dinesh kernel: ACPI: PM: Preparing to enter system sleep state S3
2025-01-19T20:09:02.666997+05:30 dinesh kernel: ACPI: EC: event blocked
2025-01-19T20:09:02.667000+05:30 dinesh kernel: ACPI: EC: EC stopped
2025-01-19T20:09:02.667003+05:30 dinesh kernel: ACPI: PM: Saving platform NVS memory
2025-01-19T20:09:02.667007+05:30 dinesh kernel: Disabling non-boot CPUs ...
2025-01-19T20:09:02.667010+05:30 dinesh kernel: smpboot: CPU 1 is now offline
2025-01-19T20:09:02.667014+05:30 dinesh kernel: smpboot: CPU 2 is now offline
2025-01-19T20:09:02.667018+05:30 dinesh kernel: smpboot: CPU 3 is now offline
2025-01-19T20:09:02.667023+05:30 dinesh kernel: smpboot: CPU 4 is now offline
2025-01-19T20:09:02.667027+05:30 dinesh kernel: smpboot: CPU 5 is now offline
2025-01-19T20:09:02.667030+05:30 dinesh kernel: smpboot: CPU 6 is now offline
2025-01-19T20:09:02.667033+05:30 dinesh kernel: smpboot: CPU 7 is now offline
2025-01-19T20:09:02.667037+05:30 dinesh kernel: ACPI: PM: Low-level resume complete
2025-01-19T20:09:02.667041+05:30 dinesh kernel: ACPI: EC: EC started
2025-01-19T20:09:02.667044+05:30 dinesh kernel: ACPI: PM: Restoring platform NVS memory
2025-01-19T20:09:02.667048+05:30 dinesh kernel: Enabling non-boot CPUs ...
2025-01-19T20:09:02.667051+05:30 dinesh kernel: smpboot: Booting Node 0 Processor 1 APIC 0x2
2025-01-19T20:09:02.667055+05:30 dinesh kernel: CPU1 is up
2025-01-19T20:09:02.667059+05:30 dinesh kernel: smpboot: Booting Node 0 Processor 2 APIC 0x4
2025-01-19T20:09:02.669293+05:30 dinesh kernel: CPU2 is up
2025-01-19T20:09:02.669310+05:30 dinesh kernel: smpboot: Booting Node 0 Processor 3 APIC 0x6
2025-01-19T20:09:02.669315+05:30 dinesh kernel: CPU3 is up
2025-01-19T20:09:02.669318+05:30 dinesh kernel: smpboot: Booting Node 0 Processor 4 APIC 0x1
2025-01-19T20:09:02.669322+05:30 dinesh kernel: CPU4 is up
2025-01-19T20:09:02.669430+05:30 dinesh kernel: smpboot: Booting Node 0 Processor 5 APIC 0x3
2025-01-19T20:09:02.669436+05:30 dinesh kernel: CPU5 is up
2025-01-19T20:09:02.669439+05:30 dinesh kernel: smpboot: Booting Node 0 Processor 6 APIC 0x5
2025-01-19T20:09:02.669443+05:30 dinesh kernel: CPU6 is up
2025-01-19T20:09:02.669447+05:30 dinesh kernel: smpboot: Booting Node 0 Processor 7 APIC 0x7
2025-01-19T20:09:02.669450+05:30 dinesh kernel: CPU7 is up
2025-01-19T20:09:02.669454+05:30 dinesh kernel: ACPI: PM: Waking up from system sleep state S3
2025-01-19T20:09:02.669457+05:30 dinesh kernel: ACPI: EC: interrupt unblocked
2025-01-19T20:09:02.669460+05:30 dinesh kernel: ACPI: EC: event unblocked
2025-01-19T20:09:02.669464+05:30 dinesh kernel: i915 0000:00:02.0: [drm] [ENCODER:94:DDI A/PHY A] is disabled/in DSI mode with an ungated DDI clock, gate it
2025-01-19T20:09:02.669751+05:30 dinesh kernel: nvme nvme0: 8/0/0 default/read/poll queues
2025-01-19T20:09:02.669760+05:30 dinesh kernel: usb 1-7: reset high-speed USB device number 2 using xhci_hcd
2025-01-19T20:09:02.669765+05:30 dinesh kernel: mei_hdcp 0000:00:16.0-b638ab7e-94e2-4ea2-a552-d1c54b627f04: bound 0000:00:02.0 (ops i915_hdcp_ops [i915])
2025-01-19T20:09:02.669771+05:30 dinesh kernel: OOM killer enabled.
2025-01-19T20:09:02.674092+05:30 dinesh kernel: Restarting tasks ... done.
2025-01-19T20:09:02.674129+05:30 dinesh kernel: random: crng reseeded on system resumption
2025-01-19T20:09:02.677943+05:30 dinesh kernel: PM: suspend exit
2025-01-19T20:09:02.812274+05:30 dinesh kernel: audit: type=1400 audit(1737297542.810:194): apparmor="DENIED" operation="capable" class="cap" profile="/usr/lib/snapd/snap-confine" pid=19675 comm="snap-confine" capability=12  capname="net_admin"
2025-01-19T20:09:02.812321+05:30 dinesh kernel: audit: type=1400 audit(1737297542.810:195): apparmor="DENIED" operation="capable" class="cap" profile="/usr/lib/snapd/snap-confine" pid=19675 comm="snap-confine" capability=38  capname="perfmon"
2025-01-19T20:09:02.825326+05:30 dinesh kernel: audit: type=1400 audit(1737297542.823:196): apparmor="DENIED" operation="open" class="file" profile="snap-update-ns.firmware-updater" name="/proc/19737/maps" pid=19737 comm="5" requested_mask="r" denied_mask="r" fsuid=1000 ouid=0
2025-01-19T20:09:02.975248+05:30 dinesh kernel: audit: type=1400 audit(1737297542.973:197): apparmor="DENIED" operation="open" class="file" profile="snap.firmware-updater.firmware-notifier" name="/proc/sys/vm/max_map_count" pid=19675 comm="firmware-notifi" requested_mask="r" denied_mask="r" fsuid=1000 ouid=0
2025-01-19T20:09:03.117288+05:30 dinesh kernel: ata1: SATA link up 3.0 Gbps (SStatus 123 SControl 300)
2025-01-19T20:09:03.118253+05:30 dinesh kernel: sd 0:0:0:0: [sda] Starting disk
2025-01-19T20:09:03.120254+05:30 dinesh kernel: ata1.00: configured for UDMA/100
2025-01-19T20:09:03.260239+05:30 dinesh kernel: rfkill: input handler disabled
2025-01-19T20:09:03.286228+05:30 dinesh kernel: Generic FE-GE Realtek PHY r8169-0-400:00: attached PHY driver (mii_bus:phy_addr=r8169-0-400:00, irq=MAC)
2025-01-19T20:09:03.450290+05:30 dinesh kernel: r8169 0000:04:00.0 enp4s0: Link is Down
2025-01-19T20:09:08.540314+05:30 dinesh kernel: wlp3s0: authenticate with ac:37:28:00:71:69 (local address=ec:2e:98:e4:7a:39)
2025-01-19T20:09:08.681302+05:30 dinesh kernel: wlp3s0: send auth to ac:37:28:00:71:69 (try 1/3)
2025-01-19T20:09:08.684345+05:30 dinesh kernel: wlp3s0: authenticated
2025-01-19T20:09:08.684371+05:30 dinesh kernel: wlp3s0: associate with ac:37:28:00:71:69 (try 1/3)
2025-01-19T20:09:08.691259+05:30 dinesh kernel: wlp3s0: RX AssocResp from ac:37:28:00:71:69 (capab=0x1411 status=0 aid=5)
2025-01-19T20:09:08.699263+05:30 dinesh kernel: wlp3s0: associated
2025-01-19T20:09:08.768264+05:30 dinesh kernel: wlp3s0: Limiting TX power to 20 (20 - 0) dBm as advertised by ac:37:28:00:71:69
2025-01-19T20:09:27.099251+05:30 dinesh kernel: [drm:nv_drm_master_set [nvidia_drm]] *ERROR* [nvidia-drm] [GPU ID 0x00000100] Failed to grab modeset ownership
2025-01-19T20:09:27.100226+05:30 dinesh kernel: message repeated 3 times: [ [drm:nv_drm_master_set [nvidia_drm]] *ERROR* [nvidia-drm] [GPU ID 0x00000100] Failed to grab modeset ownership]
2025-01-19T20:14:37.357283+05:30 dinesh kernel: audit: type=1400 audit(1737297877.355:198): apparmor="DENIED" operation="open" class="file" profile="snap-update-ns.firmware-updater" name="/proc/20331/maps" pid=20331 comm="5" requested_mask="r" denied_mask="r" fsuid=1000 ouid=0
2025-01-19T20:14:37.625246+05:30 dinesh kernel: audit: type=1400 audit(1737297877.623:199): apparmor="DENIED" operation="open" class="file" profile="snap-update-ns.firmware-updater" name="/proc/20385/maps" pid=20385 comm="5" requested_mask="r" denied_mask="r" fsuid=1000 ouid=0
2025-01-19T20:14:38.674228+05:30 dinesh kernel: audit: type=1326 audit(1737297878.672:200): auid=1000 uid=1000 gid=1000 ses=3 subj=snap.firmware-updater.firmware-updater-app pid=20367 comm="firmware-update" exe="/snap/firmware-updater/147/bin/firmware-updater" sig=0 arch=c000003e syscall=203 compat=0 ip=0x7da3e011b531 code=0x50000
2025-01-19T20:14:38.674247+05:30 dinesh kernel: audit: type=1326 audit(1737297878.672:201): auid=1000 uid=1000 gid=1000 ses=3 subj=snap.firmware-updater.firmware-updater-app pid=20367 comm="firmware-update" exe="/snap/firmware-updater/147/bin/firmware-updater" sig=0 arch=c000003e syscall=141 compat=0 ip=0x7da3e019a78b code=0x50000
2025-01-19T20:14:38.674251+05:30 dinesh kernel: audit: type=1326 audit(1737297878.672:202): auid=1000 uid=1000 gid=1000 ses=3 subj=snap.firmware-updater.firmware-updater-app pid=20367 comm="firmware-update" exe="/snap/firmware-updater/147/bin/firmware-updater" sig=0 arch=c000003e syscall=203 compat=0 ip=0x7da3e011b531 code=0x50000
2025-01-19T20:14:38.674253+05:30 dinesh kernel: audit: type=1326 audit(1737297878.672:203): auid=1000 uid=1000 gid=1000 ses=3 subj=snap.firmware-updater.firmware-updater-app pid=20367 comm="firmware-update" exe="/snap/firmware-updater/147/bin/firmware-updater" sig=0 arch=c000003e syscall=203 compat=0 ip=0x7da3e011b531 code=0x50000
2025-01-19T20:14:38.674255+05:30 dinesh kernel: audit: type=1326 audit(1737297878.672:204): auid=1000 uid=1000 gid=1000 ses=3 subj=snap.firmware-updater.firmware-updater-app pid=20367 comm="firmware-update" exe="/snap/firmware-updater/147/bin/firmware-updater" sig=0 arch=c000003e syscall=203 compat=0 ip=0x7da3e011b531 code=0x50000
2025-01-19T20:14:38.674257+05:30 dinesh kernel: audit: type=1326 audit(1737297878.672:205): auid=1000 uid=1000 gid=1000 ses=3 subj=snap.firmware-updater.firmware-updater-app pid=20367 comm="firmware-update" exe="/snap/firmware-updater/147/bin/firmware-updater" sig=0 arch=c000003e syscall=203 compat=0 ip=0x7da3e011b531 code=0x50000
2025-01-19T20:14:38.674269+05:30 dinesh kernel: audit: type=1326 audit(1737297878.672:206): auid=1000 uid=1000 gid=1000 ses=3 subj=snap.firmware-updater.firmware-updater-app pid=20367 comm="firmware-update" exe="/snap/firmware-updater/147/bin/firmware-updater" sig=0 arch=c000003e syscall=203 compat=0 ip=0x7da3e011b531 code=0x50000
2025-01-19T20:14:38.674271+05:30 dinesh kernel: audit: type=1326 audit(1737297878.672:207): auid=1000 uid=1000 gid=1000 ses=3 subj=snap.firmware-updater.firmware-updater-app pid=20367 comm="firmware-update" exe="/snap/firmware-updater/147/bin/firmware-updater" sig=0 arch=c000003e syscall=203 compat=0 ip=0x7da3e011b531 code=0x50000
2025-01-19T20:18:39.354301+05:30 dinesh kernel: lockdown_is_locked_down: 9 callbacks suppressed
2025-01-19T20:18:39.354338+05:30 dinesh kernel: Lockdown: systemd-logind: hibernation is restricted; see man kernel_lockdown.7
2025-01-19T20:18:43.678258+05:30 dinesh kernel: Lockdown: systemd-logind: hibernation is restricted; see man kernel_lockdown.7
2025-01-19T20:18:45.364247+05:30 dinesh kernel: wlp3s0: deauthenticating from ac:37:28:00:71:69 by local choice (Reason: 3=DEAUTH_LEAVING)
2025-01-19T20:18:51.853330+05:30 dinesh kernel: wlp3s0: authenticate with ac:37:28:00:71:69 (local address=ec:2e:98:e4:7a:39)
2025-01-19T20:18:51.864281+05:30 dinesh kernel: wlp3s0: send auth to ac:37:28:00:71:69 (try 1/3)
2025-01-19T20:18:51.867254+05:30 dinesh kernel: wlp3s0: authenticated
2025-01-19T20:18:51.869254+05:30 dinesh kernel: wlp3s0: associate with ac:37:28:00:71:69 (try 1/3)
2025-01-19T20:18:51.875260+05:30 dinesh kernel: wlp3s0: RX AssocResp from ac:37:28:00:71:69 (capab=0x1411 status=0 aid=5)
2025-01-19T20:18:51.883256+05:30 dinesh kernel: wlp3s0: associated
2025-01-19T20:18:51.907252+05:30 dinesh kernel: wlp3s0: Limiting TX power to 20 (20 - 0) dBm as advertised by ac:37:28:00:71:69
2025-01-19T20:32:09.570811+05:30 dinesh kernel: [drm:nv_drm_master_set [nvidia_drm]] *ERROR* [nvidia-drm] [GPU ID 0x00000100] Failed to grab modeset ownership
2025-01-19T20:32:09.571797+05:30 dinesh kernel: message repeated 3 times: [ [drm:nv_drm_master_set [nvidia_drm]] *ERROR* [nvidia-drm] [GPU ID 0x00000100] Failed to grab modeset ownership]
2025-01-19T20:32:25.169883+05:30 dinesh kernel: workqueue: pm_runtime_work hogged CPU for >10000us 16 times, consider switching to WQ_UNBOUND
2025-01-19T20:34:57.324817+05:30 dinesh kernel: Lockdown: systemd-logind: hibernation is restricted; see man kernel_lockdown.7
2025-01-19T20:49:59.119839+05:30 dinesh kernel: message repeated 2 times: [ Lockdown: systemd-logind: hibernation is restricted; see man kernel_lockdown.7]
2025-01-19T20:49:59.186812+05:30 dinesh kernel: wlp3s0: deauthenticating from ac:37:28:00:71:69 by local choice (Reason: 3=DEAUTH_LEAVING)
2025-01-19T20:50:01.609773+05:30 dinesh kernel: rfkill: input handler enabled
2025-01-19T20:50:01.735798+05:30 dinesh kernel: PM: suspend entry (deep)
2025-01-19T20:50:01.748795+05:30 dinesh kernel: Filesystems sync: 0.012 seconds
2025-01-19T21:04:22.682434+05:30 dinesh kernel: Freezing user space processes
2025-01-19T21:04:22.683129+05:30 dinesh kernel: Freezing user space processes completed (elapsed 0.003 seconds)
2025-01-19T21:04:22.683150+05:30 dinesh kernel: OOM killer disabled.
2025-01-19T21:04:22.683156+05:30 dinesh kernel: Freezing remaining freezable tasks
2025-01-19T21:04:22.683161+05:30 dinesh kernel: Freezing remaining freezable tasks completed (elapsed 0.001 seconds)
2025-01-19T21:04:22.683166+05:30 dinesh kernel: printk: Suspending console(s) (use no_console_suspend to debug)
2025-01-19T21:04:22.683171+05:30 dinesh kernel: sd 0:0:0:0: [sda] Synchronizing SCSI cache
2025-01-19T21:04:22.683174+05:30 dinesh kernel: ACPI: EC: interrupt blocked
2025-01-19T21:04:22.683179+05:30 dinesh kernel: ACPI: PM: Preparing to enter system sleep state S3
2025-01-19T21:04:22.683184+05:30 dinesh kernel: ACPI: EC: event blocked
2025-01-19T21:04:22.683188+05:30 dinesh kernel: ACPI: EC: EC stopped
2025-01-19T21:04:22.683192+05:30 dinesh kernel: ACPI: PM: Saving platform NVS memory
2025-01-19T21:04:22.683196+05:30 dinesh kernel: Disabling non-boot CPUs ...
2025-01-19T21:04:22.683200+05:30 dinesh kernel: smpboot: CPU 1 is now offline
2025-01-19T21:04:22.683204+05:30 dinesh kernel: smpboot: CPU 2 is now offline
2025-01-19T21:04:22.683208+05:30 dinesh kernel: smpboot: CPU 3 is now offline
2025-01-19T21:04:22.683212+05:30 dinesh kernel: smpboot: CPU 4 is now offline
2025-01-19T21:04:22.683216+05:30 dinesh kernel: smpboot: CPU 5 is now offline
2025-01-19T21:04:22.683220+05:30 dinesh kernel: smpboot: CPU 6 is now offline
2025-01-19T21:04:22.683223+05:30 dinesh kernel: smpboot: CPU 7 is now offline
2025-01-19T21:04:22.683227+05:30 dinesh kernel: ACPI: PM: Low-level resume complete
2025-01-19T21:04:22.683231+05:30 dinesh kernel: ACPI: EC: EC started
2025-01-19T21:04:22.683235+05:30 dinesh kernel: ACPI: PM: Restoring platform NVS memory
2025-01-19T21:04:22.683239+05:30 dinesh kernel: Enabling non-boot CPUs ...
2025-01-19T21:04:22.683471+05:30 dinesh kernel: smpboot: Booting Node 0 Processor 1 APIC 0x2
2025-01-19T21:04:22.683475+05:30 dinesh kernel: CPU1 is up
2025-01-19T21:04:22.683479+05:30 dinesh kernel: smpboot: Booting Node 0 Processor 2 APIC 0x4
2025-01-19T21:04:22.683482+05:30 dinesh kernel: CPU2 is up
2025-01-19T21:04:22.683485+05:30 dinesh kernel: smpboot: Booting Node 0 Processor 3 APIC 0x6
2025-01-19T21:04:22.683489+05:30 dinesh kernel: CPU3 is up
2025-01-19T21:04:22.683493+05:30 dinesh kernel: smpboot: Booting Node 0 Processor 4 APIC 0x1
2025-01-19T21:04:22.683496+05:30 dinesh kernel: CPU4 is up
2025-01-19T21:04:22.683500+05:30 dinesh kernel: smpboot: Booting Node 0 Processor 5 APIC 0x3
2025-01-19T21:04:22.683504+05:30 dinesh kernel: CPU5 is up
2025-01-19T21:04:22.683508+05:30 dinesh kernel: smpboot: Booting Node 0 Processor 6 APIC 0x5
2025-01-19T21:04:22.683512+05:30 dinesh kernel: CPU6 is up
2025-01-19T21:04:22.683749+05:30 dinesh kernel: smpboot: Booting Node 0 Processor 7 APIC 0x7
2025-01-19T21:04:22.683755+05:30 dinesh kernel: CPU7 is up
2025-01-19T21:04:22.683758+05:30 dinesh kernel: ACPI: PM: Waking up from system sleep state S3
2025-01-19T21:04:22.683762+05:30 dinesh kernel: ACPI: EC: interrupt unblocked
2025-01-19T21:04:22.683766+05:30 dinesh kernel: ACPI: EC: event unblocked
2025-01-19T21:04:22.683770+05:30 dinesh kernel: i915 0000:00:02.0: [drm] [ENCODER:94:DDI A/PHY A] is disabled/in DSI mode with an ungated DDI clock, gate it
2025-01-19T21:04:22.683776+05:30 dinesh kernel: nvme nvme0: 8/0/0 default/read/poll queues
2025-01-19T21:04:22.683780+05:30 dinesh kernel: usb 1-7: reset high-speed USB device number 2 using xhci_hcd
2025-01-19T21:04:22.683784+05:30 dinesh kernel: mei_hdcp 0000:00:16.0-b638ab7e-94e2-4ea2-a552-d1c54b627f04: bound 0000:00:02.0 (ops i915_hdcp_ops [i915])
2025-01-19T21:04:22.683789+05:30 dinesh kernel: OOM killer enabled.
2025-01-19T21:04:22.687083+05:30 dinesh kernel: Restarting tasks ... done.
2025-01-19T21:04:22.687232+05:30 dinesh kernel: random: crng reseeded on system resumption
2025-01-19T21:04:22.691792+05:30 dinesh kernel: PM: suspend exit
2025-01-19T21:04:22.820766+05:30 dinesh kernel: kauditd_printk_skb: 5 callbacks suppressed
2025-01-19T21:04:22.820787+05:30 dinesh kernel: audit: type=1400 audit(1737300862.819:213): apparmor="DENIED" operation="capable" class="cap" profile="/usr/lib/snapd/snap-confine" pid=22583 comm="snap-confine" capability=12  capname="net_admin"
2025-01-19T21:04:22.820789+05:30 dinesh kernel: audit: type=1400 audit(1737300862.819:214): apparmor="DENIED" operation="capable" class="cap" profile="/usr/lib/snapd/snap-confine" pid=22583 comm="snap-confine" capability=38  capname="perfmon"
2025-01-19T21:04:22.826769+05:30 dinesh kernel: audit: type=1400 audit(1737300862.825:215): apparmor="DENIED" operation="open" class="file" profile="snap-update-ns.firmware-updater" name="/proc/22663/maps" pid=22663 comm="5" requested_mask="r" denied_mask="r" fsuid=1000 ouid=0
2025-01-19T21:04:22.878742+05:30 dinesh kernel: audit: type=1400 audit(1737300862.877:216): apparmor="DENIED" operation="open" class="file" profile="snap.firmware-updater.firmware-notifier" name="/proc/sys/vm/max_map_count" pid=22583 comm="firmware-notifi" requested_mask="r" denied_mask="r" fsuid=1000 ouid=0
2025-01-19T21:04:23.065779+05:30 dinesh kernel: ata1: SATA link up 3.0 Gbps (SStatus 123 SControl 300)
2025-01-19T21:04:23.066748+05:30 dinesh kernel: sd 0:0:0:0: [sda] Starting disk
2025-01-19T21:04:23.068765+05:30 dinesh kernel: ata1.00: configured for UDMA/100
2025-01-19T21:04:23.209769+05:30 dinesh kernel: rfkill: input handler disabled
2025-01-19T21:04:23.235763+05:30 dinesh kernel: Generic FE-GE Realtek PHY r8169-0-400:00: attached PHY driver (mii_bus:phy_addr=r8169-0-400:00, irq=MAC)
2025-01-19T21:04:23.401802+05:30 dinesh kernel: r8169 0000:04:00.0 enp4s0: Link is Down
2025-01-19T21:04:28.403877+05:30 dinesh kernel: wlp3s0: authenticate with ac:37:28:00:71:69 (local address=ec:2e:98:e4:7a:39)
2025-01-19T21:04:28.414823+05:30 dinesh kernel: wlp3s0: send auth to ac:37:28:00:71:69 (try 1/3)
2025-01-19T21:04:28.425800+05:30 dinesh kernel: wlp3s0: authenticated
2025-01-19T21:04:28.427779+05:30 dinesh kernel: wlp3s0: associate with ac:37:28:00:71:69 (try 1/3)
2025-01-19T21:04:28.439800+05:30 dinesh kernel: wlp3s0: RX AssocResp from ac:37:28:00:71:69 (capab=0x1411 status=0 aid=5)
2025-01-19T21:04:28.446753+05:30 dinesh kernel: wlp3s0: associated
2025-01-19T21:04:28.446771+05:30 dinesh kernel: wlp3s0: Limiting TX power to 20 (20 - 0) dBm as advertised by ac:37:28:00:71:69
2025-01-19T21:05:38.649809+05:30 dinesh kernel: wlp3s0: Connection to AP ac:37:28:00:71:69 lost
2025-01-19T21:06:47.233869+05:30 dinesh kernel: Lockdown: systemd-logind: hibernation is restricted; see man kernel_lockdown.7
2025-01-19T21:06:47.264775+05:30 dinesh kernel: message repeated 4 times: [ Lockdown: systemd-logind: hibernation is restricted; see man kernel_lockdown.7]
2025-01-19T21:06:48.610796+05:30 dinesh kernel: rfkill: input handler enabled
2025-01-19T21:06:48.692739+05:30 dinesh kernel: PM: suspend entry (deep)
2025-01-19T21:06:48.696735+05:30 dinesh kernel: Filesystems sync: 0.004 seconds
2025-01-19T21:17:57.642930+05:30 dinesh kernel: Bluetooth: hci0: Opcode 0x0c24 failed: -112
2025-01-19T21:17:57.642965+05:30 dinesh kernel: fbcon: Taking over console
2025-01-19T21:17:57.642967+05:30 dinesh kernel: Freezing user space processes
2025-01-19T21:17:57.643013+05:30 dinesh kernel: Freezing user space processes completed (elapsed 0.001 seconds)
2025-01-19T21:17:57.643015+05:30 dinesh kernel: OOM killer disabled.
2025-01-19T21:17:57.643032+05:30 dinesh kernel: Freezing remaining freezable tasks
2025-01-19T21:17:57.643034+05:30 dinesh kernel: Freezing remaining freezable tasks completed (elapsed 0.015 seconds)
2025-01-19T21:17:57.643035+05:30 dinesh kernel: printk: Suspending console(s) (use no_console_suspend to debug)
2025-01-19T21:17:57.643035+05:30 dinesh kernel: Bluetooth: hci0: unexpected event for opcode 0x0c24
2025-01-19T21:17:57.643036+05:30 dinesh kernel: Console: switching to colour frame buffer device 240x67
2025-01-19T21:17:57.643037+05:30 dinesh kernel: sd 0:0:0:0: [sda] Synchronizing SCSI cache
2025-01-19T21:17:57.643038+05:30 dinesh kernel: ata1.00: Entering standby power mode
2025-01-19T21:17:57.643039+05:30 dinesh kernel: ACPI: EC: interrupt blocked
2025-01-19T21:17:57.643040+05:30 dinesh kernel: ACPI: PM: Preparing to enter system sleep state S3
2025-01-19T21:17:57.643041+05:30 dinesh kernel: ACPI: EC: event blocked
2025-01-19T21:17:57.643042+05:30 dinesh kernel: ACPI: EC: EC stopped
2025-01-19T21:17:57.643043+05:30 dinesh kernel: ACPI: PM: Saving platform NVS memory
2025-01-19T21:17:57.643043+05:30 dinesh kernel: Disabling non-boot CPUs ...
2025-01-19T21:17:57.643044+05:30 dinesh kernel: smpboot: CPU 1 is now offline
2025-01-19T21:17:57.643045+05:30 dinesh kernel: smpboot: CPU 2 is now offline
2025-01-19T21:17:57.643046+05:30 dinesh kernel: smpboot: CPU 3 is now offline
2025-01-19T21:17:57.643047+05:30 dinesh kernel: smpboot: CPU 4 is now offline
2025-01-19T21:17:57.643048+05:30 dinesh kernel: smpboot: CPU 5 is now offline
2025-01-19T21:17:57.643048+05:30 dinesh kernel: smpboot: CPU 6 is now offline
2025-01-19T21:17:57.643049+05:30 dinesh kernel: smpboot: CPU 7 is now offline
2025-01-19T21:17:57.643050+05:30 dinesh kernel: ACPI: PM: Low-level resume complete
2025-01-19T21:17:57.643051+05:30 dinesh kernel: ACPI: EC: EC started
2025-01-19T21:17:57.643052+05:30 dinesh kernel: ACPI: PM: Restoring platform NVS memory
2025-01-19T21:17:57.643052+05:30 dinesh kernel: Enabling non-boot CPUs ...
2025-01-19T21:17:57.643053+05:30 dinesh kernel: smpboot: Booting Node 0 Processor 1 APIC 0x2
2025-01-19T21:17:57.643054+05:30 dinesh kernel: CPU1 is up
2025-01-19T21:17:57.643055+05:30 dinesh kernel: smpboot: Booting Node 0 Processor 2 APIC 0x4
2025-01-19T21:17:57.643055+05:30 dinesh kernel: CPU2 is up
2025-01-19T21:17:57.643056+05:30 dinesh kernel: smpboot: Booting Node 0 Processor 3 APIC 0x6
2025-01-19T21:17:57.643057+05:30 dinesh kernel: CPU3 is up
2025-01-19T21:17:57.643057+05:30 dinesh kernel: smpboot: Booting Node 0 Processor 4 APIC 0x1
2025-01-19T21:17:57.643058+05:30 dinesh kernel: CPU4 is up
2025-01-19T21:17:57.643059+05:30 dinesh kernel: smpboot: Booting Node 0 Processor 5 APIC 0x3
2025-01-19T21:17:57.643060+05:30 dinesh kernel: CPU5 is up
2025-01-19T21:17:57.643061+05:30 dinesh kernel: smpboot: Booting Node 0 Processor 6 APIC 0x5
2025-01-19T21:17:57.643061+05:30 dinesh kernel: CPU6 is up
2025-01-19T21:17:57.643062+05:30 dinesh kernel: smpboot: Booting Node 0 Processor 7 APIC 0x7
2025-01-19T21:17:57.643087+05:30 dinesh kernel: CPU7 is up
2025-01-19T21:17:57.643126+05:30 dinesh kernel: ACPI: PM: Waking up from system sleep state S3
2025-01-19T21:17:57.643129+05:30 dinesh kernel: ACPI: EC: interrupt unblocked
2025-01-19T21:17:57.643130+05:30 dinesh kernel: ACPI: EC: event unblocked
2025-01-19T21:17:57.643131+05:30 dinesh kernel: i915 0000:00:02.0: [drm] [ENCODER:94:DDI A/PHY A] is disabled/in DSI mode with an ungated DDI clock, gate it
2025-01-19T21:17:57.643132+05:30 dinesh kernel: nvme nvme0: 8/0/0 default/read/poll queues
2025-01-19T21:17:57.643133+05:30 dinesh kernel: usb 1-7: reset high-speed USB device number 2 using xhci_hcd
2025-01-19T21:17:57.643134+05:30 dinesh kernel: mei_hdcp 0000:00:16.0-b638ab7e-94e2-4ea2-a552-d1c54b627f04: bound 0000:00:02.0 (ops i915_hdcp_ops [i915])
2025-01-19T21:17:57.643135+05:30 dinesh kernel: OOM killer enabled.
2025-01-19T21:17:57.644581+05:30 dinesh kernel: Restarting tasks ... done.
2025-01-19T21:17:57.644589+05:30 dinesh kernel: random: crng reseeded on system resumption
2025-01-19T21:17:57.650573+05:30 dinesh kernel: PM: suspend exit
2025-01-19T21:17:58.076549+05:30 dinesh kernel: ata1: SATA link up 3.0 Gbps (SStatus 123 SControl 300)
2025-01-19T21:17:58.078374+05:30 dinesh kernel: sd 0:0:0:0: [sda] Starting disk
2025-01-19T21:17:58.079367+05:30 dinesh kernel: ata1.00: configured for UDMA/100
2025-01-19T21:17:58.131759+05:30 dinesh kernel: rfkill: input handler disabled
2025-01-19T21:17:58.161332+05:30 dinesh kernel: Generic FE-GE Realtek PHY r8169-0-400:00: attached PHY driver (mii_bus:phy_addr=r8169-0-400:00, irq=MAC)
2025-01-19T21:17:58.325424+05:30 dinesh kernel: r8169 0000:04:00.0 enp4s0: Link is Down
2025-01-19T21:18:03.235357+05:30 dinesh kernel: Lockdown: systemd-logind: hibernation is restricted; see man kernel_lockdown.7
2025-01-19T21:18:03.297383+05:30 dinesh kernel: wlp3s0: authenticate with ac:37:28:00:71:69 (local address=ec:2e:98:e4:7a:39)
2025-01-19T21:18:03.438407+05:30 dinesh kernel: wlp3s0: send auth to ac:37:28:00:71:69 (try 1/3)
2025-01-19T21:18:03.441375+05:30 dinesh kernel: wlp3s0: authenticated
2025-01-19T21:18:03.443379+05:30 dinesh kernel: wlp3s0: associate with ac:37:28:00:71:69 (try 1/3)
2025-01-19T21:18:03.454409+05:30 dinesh kernel: wlp3s0: RX AssocResp from ac:37:28:00:71:69 (capab=0x1411 status=0 aid=7)
2025-01-19T21:18:03.462463+05:30 dinesh kernel: wlp3s0: associated
2025-01-19T21:18:03.495426+05:30 dinesh kernel: wlp3s0: Limiting TX power to 20 (20 - 0) dBm as advertised by ac:37:28:00:71:69
2025-01-19T21:18:32.403366+05:30 dinesh kernel: [drm:nv_drm_master_set [nvidia_drm]] *ERROR* [nvidia-drm] [GPU ID 0x00000100] Failed to grab modeset ownership
2025-01-19T21:18:32.403382+05:30 dinesh kernel: message repeated 3 times: [ [drm:nv_drm_master_set [nvidia_drm]] *ERROR* [nvidia-drm] [GPU ID 0x00000100] Failed to grab modeset ownership]
2025-01-19T21:18:35.742353+05:30 dinesh kernel: Lockdown: systemd-logind: hibernation is restricted; see man kernel_lockdown.7
2025-01-19T21:18:43.722357+05:30 dinesh kernel: rfkill: input handler enabled
2025-01-26T20:43:25.883677+05:30 dinesh kernel: Linux version 6.8.0-51-generic (buildd@lcy02-amd64-091) (x86_64-linux-gnu-gcc-13 (Ubuntu 13.3.0-6ubuntu2~24.04) 13.3.0, GNU ld (GNU Binutils for Ubuntu) 2.42) #52-Ubuntu SMP PREEMPT_DYNAMIC Thu Dec  5 13:09:44 UTC 2024 (Ubuntu 6.8.0-51.52-generic 6.8.12)
2025-01-26T20:43:25.885450+05:30 dinesh kernel: Command line: BOOT_IMAGE=/boot/vmlinuz-6.8.0-51-generic root=UUID=c16a2bba-3532-43cb-aa94-04390e7f1780 ro quiet splash vt.handoff=7
2025-01-26T20:43:25.885457+05:30 dinesh kernel: KERNEL supported cpus:
2025-01-26T20:43:25.885459+05:30 dinesh kernel:   Intel GenuineIntel
2025-01-26T20:43:25.885460+05:30 dinesh kernel:   AMD AuthenticAMD
2025-01-26T20:43:25.885462+05:30 dinesh kernel:   Hygon HygonGenuine
2025-01-26T20:43:25.885468+05:30 dinesh kernel:   Centaur CentaurHauls
2025-01-26T20:43:25.885469+05:30 dinesh kernel:   zhaoxin   Shanghai  
2025-01-26T20:43:25.885471+05:30 dinesh kernel: BIOS-provided physical RAM map:
2025-01-26T20:43:25.885472+05:30 dinesh kernel: BIOS-e820: [mem 0x0000000000000000-0x000000000009dfff] usable
2025-01-26T20:43:25.885474+05:30 dinesh kernel: BIOS-e820: [mem 0x000000000009e000-0x000000000009efff] reserved
2025-01-26T20:43:25.885475+05:30 dinesh kernel: BIOS-e820: [mem 0x000000000009f000-0x000000000009ffff] usable
2025-01-26T20:43:25.885477+05:30 dinesh kernel: BIOS-e820: [mem 0x00000000000a0000-0x00000000000fffff] reserved
2025-01-26T20:43:25.885480+05:30 dinesh kernel: BIOS-e820: [mem 0x0000000000100000-0x000000009745dfff] usable
2025-01-26T20:43:25.885482+05:30 dinesh kernel: BIOS-e820: [mem 0x000000009745e000-0x000000009905afff] reserved
2025-01-26T20:43:25.885483+05:30 dinesh kernel: BIOS-e820: [mem 0x000000009905b000-0x000000009918afff] ACPI data
2025-01-26T20:43:25.885485+05:30 dinesh kernel: BIOS-e820: [mem 0x000000009918b000-0x000000009938efff] ACPI NVS
2025-01-26T20:43:25.885486+05:30 dinesh kernel: BIOS-e820: [mem 0x000000009938f000-0x0000000099c4dfff] reserved
2025-01-26T20:43:25.885487+05:30 dinesh kernel: BIOS-e820: [mem 0x0000000099c4e000-0x0000000099c4efff] usable
2025-01-26T20:43:25.885491+05:30 dinesh kernel: BIOS-e820: [mem 0x0000000099c4f000-0x000000009f7fffff] reserved
2025-01-26T20:43:25.885492+05:30 dinesh kernel: BIOS-e820: [mem 0x00000000e0000000-0x00000000efffffff] reserved
2025-01-26T20:43:25.885493+05:30 dinesh kernel: BIOS-e820: [mem 0x00000000fe000000-0x00000000fe010fff] reserved
2025-01-26T20:43:25.885495+05:30 dinesh kernel: BIOS-e820: [mem 0x00000000fec00000-0x00000000fec00fff] reserved
2025-01-26T20:43:25.885496+05:30 dinesh kernel: BIOS-e820: [mem 0x00000000fed00000-0x00000000fed03fff] reserved
2025-01-26T20:43:25.885497+05:30 dinesh kernel: BIOS-e820: [mem 0x00000000fee00000-0x00000000fee00fff] reserved
2025-01-26T20:43:25.885499+05:30 dinesh kernel: BIOS-e820: [mem 0x00000000ff000000-0x00000000ffffffff] reserved
2025-01-26T20:43:25.885502+05:30 dinesh kernel: BIOS-e820: [mem 0x0000000100000000-0x000000045e7fffff] usable
2025-01-26T20:43:25.885504+05:30 dinesh kernel: NX (Execute Disable) protection: active
2025-01-26T20:43:25.885505+05:30 dinesh kernel: APIC: Static calls initialized
2025-01-26T20:43:25.885506+05:30 dinesh kernel: e820: update [mem 0x8e97e018-0x8e98d057] usable ==> usable
2025-01-26T20:43:25.885508+05:30 dinesh kernel: e820: update [mem 0x8e97e018-0x8e98d057] usable ==> usable
2025-01-26T20:43:25.885511+05:30 dinesh kernel: extended physical RAM map:
2025-01-26T20:43:25.885515+05:30 dinesh kernel: reserve setup_data: [mem 0x0000000000000000-0x000000000009dfff] usable
2025-01-26T20:43:25.885517+05:30 dinesh kernel: reserve setup_data: [mem 0x000000000009e000-0x000000000009efff] reserved
2025-01-26T20:43:25.885518+05:30 dinesh kernel: reserve setup_data: [mem 0x000000000009f000-0x000000000009ffff] usable
2025-01-26T20:43:25.885519+05:30 dinesh kernel: reserve setup_data: [mem 0x00000000000a0000-0x00000000000fffff] reserved
2025-01-26T20:43:25.885521+05:30 dinesh kernel: reserve setup_data: [mem 0x0000000000100000-0x000000008e97e017] usable
2025-01-26T20:43:25.885522+05:30 dinesh kernel: reserve setup_data: [mem 0x000000008e97e018-0x000000008e98d057] usable
2025-01-26T20:43:25.885525+05:30 dinesh kernel: reserve setup_data: [mem 0x000000008e98d058-0x000000009745dfff] usable
2025-01-26T20:43:25.885527+05:30 dinesh kernel: reserve setup_data: [mem 0x000000009745e000-0x000000009905afff] reserved
2025-01-26T20:43:25.885528+05:30 dinesh kernel: reserve setup_data: [mem 0x000000009905b000-0x000000009918afff] ACPI data
2025-01-26T20:43:25.885529+05:30 dinesh kernel: reserve setup_data: [mem 0x000000009918b000-0x000000009938efff] ACPI NVS
2025-01-26T20:43:25.885531+05:30 dinesh kernel: reserve setup_data: [mem 0x000000009938f000-0x0000000099c4dfff] reserved
2025-01-26T20:43:25.885532+05:30 dinesh kernel: reserve setup_data: [mem 0x0000000099c4e000-0x0000000099c4efff] usable
2025-01-26T20:43:25.885533+05:30 dinesh kernel: reserve setup_data: [mem 0x0000000099c4f000-0x000000009f7fffff] reserved
2025-01-26T20:43:25.885537+05:30 dinesh kernel: reserve setup_data: [mem 0x00000000e0000000-0x00000000efffffff] reserved
2025-01-26T20:43:25.885538+05:30 dinesh kernel: reserve setup_data: [mem 0x00000000fe000000-0x00000000fe010fff] reserved
2025-01-26T20:43:25.885540+05:30 dinesh kernel: reserve setup_data: [mem 0x00000000fec00000-0x00000000fec00fff] reserved
2025-01-26T20:43:25.885541+05:30 dinesh kernel: reserve setup_data: [mem 0x00000000fed00000-0x00000000fed03fff] reserved
2025-01-26T20:43:25.885543+05:30 dinesh kernel: reserve setup_data: [mem 0x00000000fee00000-0x00000000fee00fff] reserved
2025-01-26T20:43:25.885544+05:30 dinesh kernel: reserve setup_data: [mem 0x00000000ff000000-0x00000000ffffffff] reserved
2025-01-26T20:43:25.885547+05:30 dinesh kernel: reserve setup_data: [mem 0x0000000100000000-0x000000045e7fffff] usable
2025-01-26T20:43:25.885548+05:30 dinesh kernel: efi: EFI v2.7 by American Megatrends
2025-01-26T20:43:25.885550+05:30 dinesh kernel: efi: ACPI=0x9918a000 ACPI 2.0=0x9918a014 TPMFinalLog=0x9931d000 SMBIOS=0x99802000 SMBIOS 3.0=0x99801000 MEMATTR=0x91191018 ESRT=0x8eb7c818 MOKvar=0x99830000 INITRD=0x8eaf3618 RNG=0x9911a018 TPMEventLog=0x8e98e018 
2025-01-26T20:43:25.885551+05:30 dinesh kernel: random: crng init done
2025-01-26T20:43:25.885553+05:30 dinesh kernel: efi: Remove mem269: MMIO range=[0xe0000000-0xefffffff] (256MB) from e820 map
2025-01-26T20:43:25.885554+05:30 dinesh kernel: e820: remove [mem 0xe0000000-0xefffffff] reserved
2025-01-26T20:43:25.885557+05:30 dinesh kernel: efi: Not removing mem270: MMIO range=[0xfe000000-0xfe010fff] (68KB) from e820 map
2025-01-26T20:43:25.885558+05:30 dinesh kernel: efi: Not removing mem271: MMIO range=[0xfec00000-0xfec00fff] (4KB) from e820 map
2025-01-26T20:43:25.885560+05:30 dinesh kernel: efi: Not removing mem272: MMIO range=[0xfed00000-0xfed03fff] (16KB) from e820 map
2025-01-26T20:43:25.885561+05:30 dinesh kernel: efi: Not removing mem273: MMIO range=[0xfee00000-0xfee00fff] (4KB) from e820 map
2025-01-26T20:43:25.885563+05:30 dinesh kernel: efi: Remove mem274: MMIO range=[0xff000000-0xffffffff] (16MB) from e820 map
2025-01-26T20:43:25.885564+05:30 dinesh kernel: e820: remove [mem 0xff000000-0xffffffff] reserved
2025-01-26T20:43:25.885565+05:30 dinesh kernel: secureboot: Secure boot enabled
2025-01-26T20:43:25.885569+05:30 dinesh kernel: Kernel is locked down from EFI Secure Boot mode; see man kernel_lockdown.7
2025-01-26T20:43:25.885570+05:30 dinesh kernel: SMBIOS 3.2.0 present.
2025-01-26T20:43:25.885571+05:30 dinesh kernel: DMI: ASUSTeK COMPUTER INC. ASUS TUF Gaming F15 FX506LI_FX506LI/FX506LI, BIOS FX506LI.310 11/26/2021
2025-01-26T20:43:25.885573+05:30 dinesh kernel: tsc: Detected 2500.000 MHz processor
2025-01-26T20:43:25.885574+05:30 dinesh kernel: tsc: Detected 2499.952 MHz TSC
2025-01-26T20:43:25.885575+05:30 dinesh kernel: e820: update [mem 0x00000000-0x00000fff] usable ==> reserved
2025-01-26T20:43:25.885581+05:30 dinesh kernel: e820: remove [mem 0x000a0000-0x000fffff] usable
2025-01-26T20:43:25.885583+05:30 dinesh kernel: last_pfn = 0x45e800 max_arch_pfn = 0x400000000
2025-01-26T20:43:25.885584+05:30 dinesh kernel: MTRR map: 5 entries (3 fixed + 2 variable; max 23), built from 10 variable MTRRs
2025-01-26T20:43:25.885586+05:30 dinesh kernel: x86/PAT: Configuration [0-7]: WB  WC  UC- UC  WB  WP  UC- WT  
2025-01-26T20:43:25.885587+05:30 dinesh kernel: last_pfn = 0x99c4f max_arch_pfn = 0x400000000
2025-01-26T20:43:25.885588+05:30 dinesh kernel: esrt: Reserving ESRT space from 0x000000008eb7c818 to 0x000000008eb7c850.
2025-01-26T20:43:25.885592+05:30 dinesh kernel: e820: update [mem 0x8eb7c000-0x8eb7cfff] usable ==> reserved
2025-01-26T20:43:25.885593+05:30 dinesh kernel: Using GB pages for direct mapping
2025-01-26T20:43:25.885594+05:30 dinesh kernel: secureboot: Secure boot enabled
2025-01-26T20:43:25.885596+05:30 dinesh kernel: RAMDISK: [mem 0x8870d000-0x8c5d4fff]
2025-01-26T20:43:25.885597+05:30 dinesh kernel: ACPI: Early table checksum verification disabled
2025-01-26T20:43:25.885598+05:30 dinesh kernel: ACPI: RSDP 0x000000009918A014 000024 (v02 _ASUS_)
2025-01-26T20:43:25.885599+05:30 dinesh kernel: ACPI: XSDT 0x0000000099189728 0000F4 (v01 _ASUS_ Notebook 01072009 AMI  01000013)
2025-01-26T20:43:25.885603+05:30 dinesh kernel: ACPI: FACP 0x000000009917F000 000114 (v06 _ASUS_ Notebook 01072009 AMI  00010013)
2025-01-26T20:43:25.885604+05:30 dinesh kernel: ACPI: DSDT 0x0000000099140000 03ED46 (v02 _ASUS_ Notebook 01072009 INTL 20160527)
2025-01-26T20:43:25.885606+05:30 dinesh kernel: ACPI: FACS 0x000000009938E000 000040
2025-01-26T20:43:25.885607+05:30 dinesh kernel: ACPI: MCFG 0x0000000099188000 00003C (v01 _ASUS_ Notebook 01072009 MSFT 00000097)
2025-01-26T20:43:25.885608+05:30 dinesh kernel: ACPI: SSDT 0x0000000099185000 002087 (v02 CpuRef CpuSsdt  00003000 INTL 20160527)
2025-01-26T20:43:25.885610+05:30 dinesh kernel: ACPI: SSDT 0x0000000099180000 004862 (v02 INTEL  DptfTabl 00001000 INTL 20160527)
2025-01-26T20:43:25.885613+05:30 dinesh kernel: ACPI: FIDT 0x000000009913F000 00009C (v01 _ASUS_ Notebook 01072009 AMI  00010013)
2025-01-26T20:43:25.885615+05:30 dinesh kernel: ACPI: MSDM 0x000000009913E000 000055 (v03 _ASUS_ Notebook 01072009 ASUS 00000001)
2025-01-26T20:43:25.885616+05:30 dinesh kernel: ACPI: SSDT 0x000000009913A000 0031DA (v02 SaSsdt SaSsdt   00003000 INTL 20160527)
2025-01-26T20:43:25.885617+05:30 dinesh kernel: ACPI: SSDT 0x0000000099137000 002912 (v02 Intel  PegSsdt  00001000 INTL 20160527)
2025-01-26T20:43:25.885619+05:30 dinesh kernel: ACPI: HPET 0x0000000099136000 000038 (v01 _ASUS_ Notebook 01072009 AMI  01000013)
2025-01-26T20:43:25.885620+05:30 dinesh kernel: ACPI: SSDT 0x0000000099134000 00147B (v02 _ASUS_ Ther_Rvp 00001000 INTL 20160527)
2025-01-26T20:43:25.885621+05:30 dinesh kernel: ACPI: SSDT 0x0000000099130000 003240 (v02 INTEL  xh_cfhd4 00000000 INTL 20160527)
2025-01-26T20:43:25.885994+05:30 dinesh kernel: ACPI: NHLT 0x000000009912F000 00002D (v00 _ASUS_ Notebook 01072009 AMI  01000013)
2025-01-26T20:43:25.885999+05:30 dinesh kernel: ACPI: LPIT 0x000000009912E000 000094 (v01 _ASUS_ Notebook 01072009 AMI  01000013)
2025-01-26T20:43:25.886001+05:30 dinesh kernel: ACPI: WSMT 0x000000009912D000 000028 (v01 _ASUS_ Notebook 01072009 AMI  01000013)
2025-01-26T20:43:25.886002+05:30 dinesh kernel: ACPI: SSDT 0x000000009912A000 002720 (v02 _ASUS_ PtidDevc 00001000 INTL 20160527)
2025-01-26T20:43:25.886004+05:30 dinesh kernel: ACPI: SSDT 0x0000000099127000 0025B2 (v02 _ASUS_ TbtTypeC 00000000 INTL 20160527)
2025-01-26T20:43:25.886005+05:30 dinesh kernel: ACPI: DBGP 0x0000000099126000 000034 (v01 _ASUS_ Notebook 01072009 AMI  01000013)
2025-01-26T20:43:25.886009+05:30 dinesh kernel: ACPI: DBG2 0x0000000099125000 000054 (v00 _ASUS_ Notebook 01072009 AMI  01000013)
2025-01-26T20:43:25.886010+05:30 dinesh kernel: ACPI: SSDT 0x0000000099124000 000C16 (v02 _ASUS_ UsbCTabl 00001000 INTL 20160527)
2025-01-26T20:43:25.886012+05:30 dinesh kernel: ACPI: SSDT 0x0000000099122000 0000AE (v02 SgRef  SgPeg    00001000 INTL 20160527)
2025-01-26T20:43:25.886013+05:30 dinesh kernel: ACPI: TPM2 0x0000000099120000 00004C (v04 _ASUS_ Notebook 00000001 AMI  00000000)
2025-01-26T20:43:25.886014+05:30 dinesh kernel: ACPI: BGRT 0x0000000099121000 000038 (v01 _ASUS_ Notebook 01072009 AMI  00010013)
2025-01-26T20:43:25.886016+05:30 dinesh kernel: ACPI: DMAR 0x0000000099123000 0000A8 (v01 INTEL  EDK2     00000002      01000013)
2025-01-26T20:43:25.886019+05:30 dinesh kernel: ACPI: SSDT 0x000000009911D000 00233F (v01 OptRf1 Opt1Tabl 00001000 INTL 20160527)
2025-01-26T20:43:25.886021+05:30 dinesh kernel: ACPI: APIC 0x000000009911C000 0000BC (v04 _ASUS_ Notebook 01072009 AMI  00010013)
2025-01-26T20:43:25.886022+05:30 dinesh kernel: ACPI: FPDT 0x000000009911B000 000044 (v01 _ASUS_ CML      01072009 AMI  01000013)
2025-01-26T20:43:25.886023+05:30 dinesh kernel: ACPI: Reserving FACP table memory at [mem 0x9917f000-0x9917f113]
2025-01-26T20:43:25.886025+05:30 dinesh kernel: ACPI: Reserving DSDT table memory at [mem 0x99140000-0x9917ed45]
2025-01-26T20:43:25.886026+05:30 dinesh kernel: ACPI: Reserving FACS table memory at [mem 0x9938e000-0x9938e03f]
2025-01-26T20:43:25.886027+05:30 dinesh kernel: ACPI: Reserving MCFG table memory at [mem 0x99188000-0x9918803b]
2025-01-26T20:43:25.886033+05:30 dinesh kernel: ACPI: Reserving SSDT table memory at [mem 0x99185000-0x99187086]
2025-01-26T20:43:25.886035+05:30 dinesh kernel: ACPI: Reserving SSDT table memory at [mem 0x99180000-0x99184861]
2025-01-26T20:43:25.886037+05:30 dinesh kernel: ACPI: Reserving FIDT table memory at [mem 0x9913f000-0x9913f09b]
2025-01-26T20:43:25.886038+05:30 dinesh kernel: ACPI: Reserving MSDM table memory at [mem 0x9913e000-0x9913e054]
2025-01-26T20:43:25.886039+05:30 dinesh kernel: ACPI: Reserving SSDT table memory at [mem 0x9913a000-0x9913d1d9]
2025-01-26T20:43:25.886040+05:30 dinesh kernel: ACPI: Reserving SSDT table memory at [mem 0x99137000-0x99139911]
2025-01-26T20:43:25.886044+05:30 dinesh kernel: ACPI: Reserving HPET table memory at [mem 0x99136000-0x99136037]
2025-01-26T20:43:25.886046+05:30 dinesh kernel: ACPI: Reserving SSDT table memory at [mem 0x99134000-0x9913547a]
2025-01-26T20:43:25.886047+05:30 dinesh kernel: ACPI: Reserving SSDT table memory at [mem 0x99130000-0x9913323f]
2025-01-26T20:43:25.886049+05:30 dinesh kernel: ACPI: Reserving NHLT table memory at [mem 0x9912f000-0x9912f02c]
2025-01-26T20:43:25.886050+05:30 dinesh kernel: ACPI: Reserving LPIT table memory at [mem 0x9912e000-0x9912e093]
2025-01-26T20:43:25.886051+05:30 dinesh kernel: ACPI: Reserving WSMT table memory at [mem 0x9912d000-0x9912d027]
2025-01-26T20:43:25.886053+05:30 dinesh kernel: ACPI: Reserving SSDT table memory at [mem 0x9912a000-0x9912c71f]
2025-01-26T20:43:25.886056+05:30 dinesh kernel: ACPI: Reserving SSDT table memory at [mem 0x99127000-0x991295b1]
2025-01-26T20:43:25.886057+05:30 dinesh kernel: ACPI: Reserving DBGP table memory at [mem 0x99126000-0x99126033]
2025-01-26T20:43:25.886059+05:30 dinesh kernel: ACPI: Reserving DBG2 table memory at [mem 0x99125000-0x99125053]
2025-01-26T20:43:25.886060+05:30 dinesh kernel: ACPI: Reserving SSDT table memory at [mem 0x99124000-0x99124c15]
2025-01-26T20:43:25.886061+05:30 dinesh kernel: ACPI: Reserving SSDT table memory at [mem 0x99122000-0x991220ad]
2025-01-26T20:43:25.886063+05:30 dinesh kernel: ACPI: Reserving TPM2 table memory at [mem 0x99120000-0x9912004b]
2025-01-26T20:43:25.886066+05:30 dinesh kernel: ACPI: Reserving BGRT table memory at [mem 0x99121000-0x99121037]
2025-01-26T20:43:25.886068+05:30 dinesh kernel: ACPI: Reserving DMAR table memory at [mem 0x99123000-0x991230a7]
2025-01-26T20:43:25.886069+05:30 dinesh kernel: ACPI: Reserving SSDT table memory at [mem 0x9911d000-0x9911f33e]
2025-01-26T20:43:25.886070+05:30 dinesh kernel: ACPI: Reserving APIC table memory at [mem 0x9911c000-0x9911c0bb]
2025-01-26T20:43:25.886071+05:30 dinesh kernel: ACPI: Reserving FPDT table memory at [mem 0x9911b000-0x9911b043]
2025-01-26T20:43:25.886073+05:30 dinesh kernel: No NUMA configuration found
2025-01-26T20:43:25.886076+05:30 dinesh kernel: Faking a node at [mem 0x0000000000000000-0x000000045e7fffff]
2025-01-26T20:43:25.886078+05:30 dinesh kernel: NODE_DATA(0) allocated [mem 0x45e7d5000-0x45e7fffff]
2025-01-26T20:43:25.886079+05:30 dinesh kernel: Zone ranges:
2025-01-26T20:43:25.886081+05:30 dinesh kernel:   DMA      [mem 0x0000000000001000-0x0000000000ffffff]
2025-01-26T20:43:25.886082+05:30 dinesh kernel:   DMA32    [mem 0x0000000001000000-0x00000000ffffffff]
2025-01-26T20:43:25.886083+05:30 dinesh kernel:   Normal   [mem 0x0000000100000000-0x000000045e7fffff]
2025-01-26T20:43:25.886085+05:30 dinesh kernel:   Device   empty
2025-01-26T20:43:25.886088+05:30 dinesh kernel: Movable zone start for each node
2025-01-26T20:43:25.886090+05:30 dinesh kernel: Early memory node ranges
2025-01-26T20:43:25.886091+05:30 dinesh kernel:   node   0: [mem 0x0000000000001000-0x000000000009dfff]
2025-01-26T20:43:25.886092+05:30 dinesh kernel:   node   0: [mem 0x000000000009f000-0x000000000009ffff]
2025-01-26T20:43:25.886094+05:30 dinesh kernel:   node   0: [mem 0x0000000000100000-0x000000009745dfff]
2025-01-26T20:43:25.886095+05:30 dinesh kernel:   node   0: [mem 0x0000000099c4e000-0x0000000099c4efff]
2025-01-26T20:43:25.886098+05:30 dinesh kernel:   node   0: [mem 0x0000000100000000-0x000000045e7fffff]
2025-01-26T20:43:25.886100+05:30 dinesh kernel: Initmem setup node 0 [mem 0x0000000000001000-0x000000045e7fffff]
2025-01-26T20:43:25.886101+05:30 dinesh kernel: On node 0, zone DMA: 1 pages in unavailable ranges
2025-01-26T20:43:25.886103+05:30 dinesh kernel: On node 0, zone DMA: 1 pages in unavailable ranges
2025-01-26T20:43:25.886105+05:30 dinesh kernel: On node 0, zone DMA: 96 pages in unavailable ranges
2025-01-26T20:43:25.886107+05:30 dinesh kernel: On node 0, zone DMA32: 10224 pages in unavailable ranges
2025-01-26T20:43:25.886110+05:30 dinesh kernel: On node 0, zone Normal: 25521 pages in unavailable ranges
2025-01-26T20:43:25.886112+05:30 dinesh kernel: On node 0, zone Normal: 6144 pages in unavailable ranges
2025-01-26T20:43:25.886113+05:30 dinesh kernel: Reserving Intel graphics memory at [mem 0x9b800000-0x9f7fffff]
2025-01-26T20:43:25.886115+05:30 dinesh kernel: ACPI: PM-Timer IO Port: 0x1808
2025-01-26T20:43:25.886116+05:30 dinesh kernel: ACPI: LAPIC_NMI (acpi_id[0x01] high edge lint[0x1])
2025-01-26T20:43:25.886117+05:30 dinesh kernel: ACPI: LAPIC_NMI (acpi_id[0x02] high edge lint[0x1])
2025-01-26T20:43:25.886119+05:30 dinesh kernel: ACPI: LAPIC_NMI (acpi_id[0x03] high edge lint[0x1])
2025-01-26T20:43:25.886122+05:30 dinesh kernel: ACPI: LAPIC_NMI (acpi_id[0x04] high edge lint[0x1])
2025-01-26T20:43:25.886124+05:30 dinesh kernel: ACPI: LAPIC_NMI (acpi_id[0x05] high edge lint[0x1])
2025-01-26T20:43:25.886125+05:30 dinesh kernel: ACPI: LAPIC_NMI (acpi_id[0x06] high edge lint[0x1])
2025-01-26T20:43:25.886126+05:30 dinesh kernel: ACPI: LAPIC_NMI (acpi_id[0x07] high edge lint[0x1])
2025-01-26T20:43:25.886127+05:30 dinesh kernel: ACPI: LAPIC_NMI (acpi_id[0x08] high edge lint[0x1])
2025-01-26T20:43:25.886129+05:30 dinesh kernel: IOAPIC[0]: apic_id 2, version 32, address 0xfec00000, GSI 0-119
2025-01-26T20:43:25.886132+05:30 dinesh kernel: ACPI: INT_SRC_OVR (bus 0 bus_irq 0 global_irq 2 dfl dfl)
2025-01-26T20:43:25.886134+05:30 dinesh kernel: ACPI: INT_SRC_OVR (bus 0 bus_irq 9 global_irq 9 high level)
2025-01-26T20:43:25.886135+05:30 dinesh kernel: ACPI: Using ACPI (MADT) for SMP configuration information
2025-01-26T20:43:25.886136+05:30 dinesh kernel: ACPI: HPET id: 0x8086a201 base: 0xfed00000
2025-01-26T20:43:25.886138+05:30 dinesh kernel: e820: update [mem 0x8f586000-0x8f5b4fff] usable ==> reserved
2025-01-26T20:43:25.886139+05:30 dinesh kernel: TSC deadline timer available
2025-01-26T20:43:25.886140+05:30 dinesh kernel: smpboot: Allowing 8 CPUs, 0 hotplug CPUs
2025-01-26T20:43:25.886144+05:30 dinesh kernel: PM: hibernation: Registered nosave memory: [mem 0x00000000-0x00000fff]
2025-01-26T20:43:25.886145+05:30 dinesh kernel: PM: hibernation: Registered nosave memory: [mem 0x0009e000-0x0009efff]
2025-01-26T20:43:25.886147+05:30 dinesh kernel: PM: hibernation: Registered nosave memory: [mem 0x000a0000-0x000fffff]
2025-01-26T20:43:25.886148+05:30 dinesh kernel: PM: hibernation: Registered nosave memory: [mem 0x8e97e000-0x8e97efff]
2025-01-26T20:43:25.886149+05:30 dinesh kernel: PM: hibernation: Registered nosave memory: [mem 0x8e98d000-0x8e98dfff]
2025-01-26T20:43:25.886151+05:30 dinesh kernel: PM: hibernation: Registered nosave memory: [mem 0x8eb7c000-0x8eb7cfff]
2025-01-26T20:43:25.886154+05:30 dinesh kernel: PM: hibernation: Registered nosave memory: [mem 0x8f586000-0x8f5b4fff]
2025-01-26T20:43:25.886156+05:30 dinesh kernel: PM: hibernation: Registered nosave memory: [mem 0x9745e000-0x9905afff]
2025-01-26T20:43:25.886157+05:30 dinesh kernel: PM: hibernation: Registered nosave memory: [mem 0x9905b000-0x9918afff]
2025-01-26T20:43:25.886159+05:30 dinesh kernel: PM: hibernation: Registered nosave memory: [mem 0x9918b000-0x9938efff]
2025-01-26T20:43:25.886160+05:30 dinesh kernel: PM: hibernation: Registered nosave memory: [mem 0x9938f000-0x99c4dfff]
2025-01-26T20:43:25.886161+05:30 dinesh kernel: PM: hibernation: Registered nosave memory: [mem 0x99c4f000-0x9f7fffff]
2025-01-26T20:43:25.886165+05:30 dinesh kernel: PM: hibernation: Registered nosave memory: [mem 0x9f800000-0xfdffffff]
2025-01-26T20:43:25.886166+05:30 dinesh kernel: PM: hibernation: Registered nosave memory: [mem 0xfe000000-0xfe010fff]
2025-01-26T20:43:25.886312+05:30 dinesh kernel: PM: hibernation: Registered nosave memory: [mem 0xfe011000-0xfebfffff]
2025-01-26T20:43:25.886316+05:30 dinesh kernel: PM: hibernation: Registered nosave memory: [mem 0xfec00000-0xfec00fff]
2025-01-26T20:43:25.886317+05:30 dinesh kernel: PM: hibernation: Registered nosave memory: [mem 0xfec01000-0xfecfffff]
2025-01-26T20:43:25.886424+05:30 dinesh kernel: PM: hibernation: Registered nosave memory: [mem 0xfed00000-0xfed03fff]
2025-01-26T20:43:25.886429+05:30 dinesh kernel: PM: hibernation: Registered nosave memory: [mem 0xfed04000-0xfedfffff]
2025-01-26T20:43:25.886434+05:30 dinesh kernel: PM: hibernation: Registered nosave memory: [mem 0xfee00000-0xfee00fff]
2025-01-26T20:43:25.886437+05:30 dinesh kernel: PM: hibernation: Registered nosave memory: [mem 0xfee01000-0xffffffff]
2025-01-26T20:43:25.886438+05:30 dinesh kernel: [mem 0x9f800000-0xfdffffff] available for PCI devices
2025-01-26T20:43:25.886440+05:30 dinesh kernel: Booting paravirtualized kernel on bare hardware
2025-01-26T20:43:25.886441+05:30 dinesh kernel: clocksource: refined-jiffies: mask: 0xffffffff max_cycles: 0xffffffff, max_idle_ns: 1910969940391419 ns
2025-01-26T20:43:25.886443+05:30 dinesh kernel: setup_percpu: NR_CPUS:8192 nr_cpumask_bits:8 nr_cpu_ids:8 nr_node_ids:1
2025-01-26T20:43:25.886453+05:30 dinesh kernel: percpu: Embedded 86 pages/cpu s229376 r8192 d114688 u524288
2025-01-26T20:43:25.886455+05:30 dinesh kernel: pcpu-alloc: s229376 r8192 d114688 u524288 alloc=1*2097152
2025-01-26T20:43:25.886456+05:30 dinesh kernel: pcpu-alloc: [0] 0 1 2 3 [0] 4 5 6 7 
2025-01-26T20:43:25.886460+05:30 dinesh kernel: Kernel command line: BOOT_IMAGE=/boot/vmlinuz-6.8.0-51-generic root=UUID=c16a2bba-3532-43cb-aa94-04390e7f1780 ro quiet splash vt.handoff=7
2025-01-26T20:43:25.886461+05:30 dinesh kernel: Unknown kernel command line parameters "splash BOOT_IMAGE=/boot/vmlinuz-6.8.0-51-generic", will be passed to user space.
2025-01-26T20:43:25.888261+05:30 dinesh kernel: Dentry cache hash table entries: 2097152 (order: 12, 16777216 bytes, linear)
2025-01-26T20:43:25.888264+05:30 dinesh kernel: Inode-cache hash table entries: 1048576 (order: 11, 8388608 bytes, linear)
2025-01-26T20:43:25.888266+05:30 dinesh kernel: Fallback order for Node 0: 0 
2025-01-26T20:43:25.888268+05:30 dinesh kernel: Built 1 zonelists, mobility grouping on.  Total pages: 4087277
2025-01-26T20:43:25.888270+05:30 dinesh kernel: Policy zone: Normal
2025-01-26T20:43:25.888272+05:30 dinesh kernel: mem auto-init: stack:all(zero), heap alloc:on, heap free:off
2025-01-26T20:43:25.888273+05:30 dinesh kernel: software IO TLB: area num 8.
2025-01-26T20:43:25.888275+05:30 dinesh kernel: Memory: 15994528K/16609268K available (22528K kernel code, 4442K rwdata, 14332K rodata, 4976K init, 4732K bss, 614480K reserved, 0K cma-reserved)
2025-01-26T20:43:25.888277+05:30 dinesh kernel: SLUB: HWalign=64, Order=0-3, MinObjects=0, CPUs=8, Nodes=1
2025-01-26T20:43:25.888278+05:30 dinesh kernel: ftrace: allocating 57955 entries in 227 pages
2025-01-26T20:43:25.888281+05:30 dinesh kernel: ftrace: allocated 227 pages with 5 groups
2025-01-26T20:43:25.888282+05:30 dinesh kernel: Dynamic Preempt: voluntary
2025-01-26T20:43:25.888284+05:30 dinesh kernel: rcu: Preemptible hierarchical RCU implementation.
2025-01-26T20:43:25.888286+05:30 dinesh kernel: rcu: 	RCU restricting CPUs from NR_CPUS=8192 to nr_cpu_ids=8.
2025-01-26T20:43:25.888287+05:30 dinesh kernel: 	Trampoline variant of Tasks RCU enabled.
2025-01-26T20:43:25.888289+05:30 dinesh kernel: 	Rude variant of Tasks RCU enabled.
2025-01-26T20:43:25.888290+05:30 dinesh kernel: 	Tracing variant of Tasks RCU enabled.
2025-01-26T20:43:25.888292+05:30 dinesh kernel: rcu: RCU calculated value of scheduler-enlistment delay is 100 jiffies.
2025-01-26T20:43:25.888295+05:30 dinesh kernel: rcu: Adjusting geometry for rcu_fanout_leaf=16, nr_cpu_ids=8
2025-01-26T20:43:25.888296+05:30 dinesh kernel: NR_IRQS: 524544, nr_irqs: 2048, preallocated irqs: 16
2025-01-26T20:43:25.888297+05:30 dinesh kernel: rcu: srcu_init: Setting srcu_struct sizes based on contention.
2025-01-26T20:43:25.888299+05:30 dinesh kernel: Console: colour dummy device 80x25
2025-01-26T20:43:25.888300+05:30 dinesh kernel: printk: legacy console [tty0] enabled
2025-01-26T20:43:25.888302+05:30 dinesh kernel: ACPI: Core revision 20230628
2025-01-26T20:43:25.888304+05:30 dinesh kernel: hpet: HPET dysfunctional in PC10. Force disabled.
2025-01-26T20:43:25.888306+05:30 dinesh kernel: APIC: Switch to symmetric I/O mode setup
2025-01-26T20:43:25.888308+05:30 dinesh kernel: DMAR: Host address width 39
2025-01-26T20:43:25.888310+05:30 dinesh kernel: DMAR: DRHD base: 0x000000fed90000 flags: 0x0
2025-01-26T20:43:25.888311+05:30 dinesh kernel: DMAR: dmar0: reg_base_addr fed90000 ver 1:0 cap 1c0000c40660462 ecap 19e2ff0505e
2025-01-26T20:43:25.888313+05:30 dinesh kernel: DMAR: DRHD base: 0x000000fed91000 flags: 0x1
2025-01-26T20:43:25.888314+05:30 dinesh kernel: DMAR: dmar1: reg_base_addr fed91000 ver 1:0 cap d2008c40660462 ecap f050da
2025-01-26T20:43:25.888316+05:30 dinesh kernel: DMAR: RMRR base: 0x00000099593000 end: 0x000000997dcfff
2025-01-26T20:43:25.888318+05:30 dinesh kernel: DMAR: RMRR base: 0x0000009b000000 end: 0x0000009f7fffff
2025-01-26T20:43:25.888327+05:30 dinesh kernel: DMAR-IR: IOAPIC id 2 under DRHD base  0xfed91000 IOMMU 1
2025-01-26T20:43:25.888328+05:30 dinesh kernel: DMAR-IR: HPET id 0 under DRHD base 0xfed91000
2025-01-26T20:43:25.888330+05:30 dinesh kernel: DMAR-IR: Queued invalidation will be enabled to support x2apic and Intr-remapping.
2025-01-26T20:43:25.888331+05:30 dinesh kernel: DMAR-IR: Enabled IRQ remapping in x2apic mode
2025-01-26T20:43:25.888333+05:30 dinesh kernel: x2apic enabled
2025-01-26T20:43:25.888334+05:30 dinesh kernel: APIC: Switched APIC routing to: cluster x2apic
2025-01-26T20:43:25.888335+05:30 dinesh kernel: clocksource: tsc-early: mask: 0xffffffffffffffff max_cycles: 0x24090c9bc00, max_idle_ns: 440795288559 ns
2025-01-26T20:43:25.888337+05:30 dinesh kernel: Calibrating delay loop (skipped), value calculated using timer frequency.. 4999.90 BogoMIPS (lpj=2499952)
2025-01-26T20:43:25.888339+05:30 dinesh kernel: x86/cpu: SGX disabled by BIOS.
2025-01-26T20:43:25.888340+05:30 dinesh kernel: CPU0: Thermal monitoring enabled (TM1)
2025-01-26T20:43:25.888341+05:30 dinesh kernel: process: using mwait in idle threads
2025-01-26T20:43:25.888342+05:30 dinesh kernel: Last level iTLB entries: 4KB 64, 2MB 8, 4MB 8
2025-01-26T20:43:25.888344+05:30 dinesh kernel: Last level dTLB entries: 4KB 64, 2MB 0, 4MB 0, 1GB 4
2025-01-26T20:43:25.888345+05:30 dinesh kernel: Spectre V1 : Mitigation: usercopy/swapgs barriers and __user pointer sanitization
2025-01-26T20:43:25.888347+05:30 dinesh kernel: Spectre V2 : Spectre BHI mitigation: SW BHB clearing on vm exit
2025-01-26T20:43:25.888348+05:30 dinesh kernel: Spectre V2 : Spectre BHI mitigation: SW BHB clearing on syscall
2025-01-26T20:43:25.888349+05:30 dinesh kernel: Spectre V2 : Mitigation: Enhanced / Automatic IBRS
2025-01-26T20:43:25.888351+05:30 dinesh kernel: Spectre V2 : Spectre v2 / SpectreRSB mitigation: Filling RSB on context switch
2025-01-26T20:43:25.888352+05:30 dinesh kernel: Spectre V2 : Spectre v2 / PBRSB-eIBRS: Retire a single CALL on VMEXIT
2025-01-26T20:43:25.888354+05:30 dinesh kernel: RETBleed: Mitigation: Enhanced IBRS
2025-01-26T20:43:25.888355+05:30 dinesh kernel: Spectre V2 : mitigation: Enabling conditional Indirect Branch Prediction Barrier
2025-01-26T20:43:25.888356+05:30 dinesh kernel: Speculative Store Bypass: Mitigation: Speculative Store Bypass disabled via prctl
2025-01-26T20:43:25.888358+05:30 dinesh kernel: MMIO Stale Data: Mitigation: Clear CPU buffers
2025-01-26T20:43:25.888359+05:30 dinesh kernel: SRBDS: Mitigation: Microcode
2025-01-26T20:43:25.888360+05:30 dinesh kernel: GDS: Mitigation: Microcode
2025-01-26T20:43:25.888362+05:30 dinesh kernel: x86/fpu: Supporting XSAVE feature 0x001: 'x87 floating point registers'
2025-01-26T20:43:25.888363+05:30 dinesh kernel: x86/fpu: Supporting XSAVE feature 0x002: 'SSE registers'
2025-01-26T20:43:25.888364+05:30 dinesh kernel: x86/fpu: Supporting XSAVE feature 0x004: 'AVX registers'
2025-01-26T20:43:25.888366+05:30 dinesh kernel: x86/fpu: Supporting XSAVE feature 0x008: 'MPX bounds registers'
2025-01-26T20:43:25.888367+05:30 dinesh kernel: x86/fpu: Supporting XSAVE feature 0x010: 'MPX CSR'
2025-01-26T20:43:25.888369+05:30 dinesh kernel: x86/fpu: Supporting XSAVE feature 0x200: 'Protection Keys User registers'
2025-01-26T20:43:25.888370+05:30 dinesh kernel: x86/fpu: xstate_offset[2]:  576, xstate_sizes[2]:  256
2025-01-26T20:43:25.888371+05:30 dinesh kernel: x86/fpu: xstate_offset[3]:  832, xstate_sizes[3]:   64
2025-01-26T20:43:25.888373+05:30 dinesh kernel: x86/fpu: xstate_offset[4]:  896, xstate_sizes[4]:   64
2025-01-26T20:43:25.888374+05:30 dinesh kernel: x86/fpu: xstate_offset[9]:  960, xstate_sizes[9]:    8
2025-01-26T20:43:25.888375+05:30 dinesh kernel: x86/fpu: Enabled xstate features 0x21f, context size is 968 bytes, using 'compacted' format.
2025-01-26T20:43:25.888377+05:30 dinesh kernel: Freeing SMP alternatives memory: 48K
2025-01-26T20:43:25.888378+05:30 dinesh kernel: pid_max: default: 32768 minimum: 301
2025-01-26T20:43:25.888380+05:30 dinesh kernel: LSM: initializing lsm=lockdown,capability,landlock,yama,apparmor,integrity
2025-01-26T20:43:25.888381+05:30 dinesh kernel: landlock: Up and running.
2025-01-26T20:43:25.888382+05:30 dinesh kernel: Yama: becoming mindful.
2025-01-26T20:43:25.888384+05:30 dinesh kernel: AppArmor: AppArmor initialized
2025-01-26T20:43:25.888385+05:30 dinesh kernel: Mount-cache hash table entries: 32768 (order: 6, 262144 bytes, linear)
2025-01-26T20:43:25.888386+05:30 dinesh kernel: Mountpoint-cache hash table entries: 32768 (order: 6, 262144 bytes, linear)
2025-01-26T20:43:25.888388+05:30 dinesh kernel: smpboot: CPU0: Intel(R) Core(TM) i5-10300H CPU @ 2.50GHz (family: 0x6, model: 0xa5, stepping: 0x2)
2025-01-26T20:43:25.888389+05:30 dinesh kernel: RCU Tasks: Setting shift to 3 and lim to 1 rcu_task_cb_adjust=1.
2025-01-26T20:43:25.888391+05:30 dinesh kernel: RCU Tasks Rude: Setting shift to 3 and lim to 1 rcu_task_cb_adjust=1.
2025-01-26T20:43:25.888392+05:30 dinesh kernel: RCU Tasks Trace: Setting shift to 3 and lim to 1 rcu_task_cb_adjust=1.
2025-01-26T20:43:25.888393+05:30 dinesh kernel: Performance Events: PEBS fmt3+, Skylake events, 32-deep LBR, full-width counters, Intel PMU driver.
2025-01-26T20:43:25.888395+05:30 dinesh kernel: ... version:                4
2025-01-26T20:43:25.888396+05:30 dinesh kernel: ... bit width:              48
2025-01-26T20:43:25.888398+05:30 dinesh kernel: ... generic registers:      4
2025-01-26T20:43:25.888399+05:30 dinesh kernel: ... value mask:             0000ffffffffffff
2025-01-26T20:43:25.888400+05:30 dinesh kernel: ... max period:             00007fffffffffff
2025-01-26T20:43:25.888402+05:30 dinesh kernel: ... fixed-purpose events:   3
2025-01-26T20:43:25.888403+05:30 dinesh kernel: ... event mask:             000000070000000f
2025-01-26T20:43:25.888404+05:30 dinesh kernel: signal: max sigframe size: 3632
2025-01-26T20:43:25.888406+05:30 dinesh kernel: Estimated ratio of average max frequency by base frequency (times 1024): 1720
2025-01-26T20:43:25.888407+05:30 dinesh kernel: rcu: Hierarchical SRCU implementation.
2025-01-26T20:43:25.888409+05:30 dinesh kernel: rcu: 	Max phase no-delay instances is 400.
2025-01-26T20:43:25.888410+05:30 dinesh kernel: NMI watchdog: Enabled. Permanently consumes one hw-PMU counter.
2025-01-26T20:43:25.888431+05:30 dinesh kernel: smp: Bringing up secondary CPUs ...
2025-01-26T20:43:25.888516+05:30 dinesh kernel: smpboot: x86: Booting SMP configuration:
2025-01-26T20:43:25.888520+05:30 dinesh kernel: .... node  #0, CPUs:      #1 #2 #3 #4 #5 #6 #7
2025-01-26T20:43:25.888522+05:30 dinesh kernel: MMIO Stale Data CPU bug present and SMT on, data leak possible. See https://www.kernel.org/doc/html/latest/admin-guide/hw-vuln/processor_mmio_stale_data.html for more details.
2025-01-26T20:43:25.888524+05:30 dinesh kernel: smp: Brought up 1 node, 8 CPUs
2025-01-26T20:43:25.888525+05:30 dinesh kernel: smpboot: Max logical packages: 1
2025-01-26T20:43:25.888536+05:30 dinesh kernel: smpboot: Total of 8 processors activated (39999.23 BogoMIPS)
2025-01-26T20:43:25.888538+05:30 dinesh kernel: devtmpfs: initialized
2025-01-26T20:43:25.888539+05:30 dinesh kernel: x86/mm: Memory block size: 128MB
2025-01-26T20:43:25.888541+05:30 dinesh kernel: ACPI: PM: Registering ACPI NVS region [mem 0x9918b000-0x9938efff] (2113536 bytes)
2025-01-26T20:43:25.888542+05:30 dinesh kernel: clocksource: jiffies: mask: 0xffffffff max_cycles: 0xffffffff, max_idle_ns: 1911260446275000 ns
2025-01-26T20:43:25.888544+05:30 dinesh kernel: futex hash table entries: 2048 (order: 5, 131072 bytes, linear)
2025-01-26T20:43:25.888555+05:30 dinesh kernel: pinctrl core: initialized pinctrl subsystem
2025-01-26T20:43:25.888557+05:30 dinesh kernel: PM: RTC time: 15:13:21, date: 2025-01-26
2025-01-26T20:43:25.888559+05:30 dinesh kernel: NET: Registered PF_NETLINK/PF_ROUTE protocol family
2025-01-26T20:43:25.888560+05:30 dinesh kernel: DMA: preallocated 2048 KiB GFP_KERNEL pool for atomic allocations
2025-01-26T20:43:25.888561+05:30 dinesh kernel: DMA: preallocated 2048 KiB GFP_KERNEL|GFP_DMA pool for atomic allocations
2025-01-26T20:43:25.888628+05:30 dinesh kernel: DMA: preallocated 2048 KiB GFP_KERNEL|GFP_DMA32 pool for atomic allocations
2025-01-26T20:43:25.888630+05:30 dinesh kernel: audit: initializing netlink subsys (disabled)
2025-01-26T20:43:25.888631+05:30 dinesh kernel: audit: type=2000 audit(1737904400.012:1): state=initialized audit_enabled=0 res=1
2025-01-26T20:43:25.888633+05:30 dinesh kernel: thermal_sys: Registered thermal governor 'fair_share'
2025-01-26T20:43:25.888634+05:30 dinesh kernel: thermal_sys: Registered thermal governor 'bang_bang'
2025-01-26T20:43:25.888636+05:30 dinesh kernel: thermal_sys: Registered thermal governor 'step_wise'
2025-01-26T20:43:25.888637+05:30 dinesh kernel: thermal_sys: Registered thermal governor 'user_space'
2025-01-26T20:43:25.888639+05:30 dinesh kernel: thermal_sys: Registered thermal governor 'power_allocator'
2025-01-26T20:43:25.888640+05:30 dinesh kernel: EISA bus registered
2025-01-26T20:43:25.888642+05:30 dinesh kernel: cpuidle: using governor ladder
2025-01-26T20:43:25.888643+05:30 dinesh kernel: cpuidle: using governor menu
2025-01-26T20:43:25.888644+05:30 dinesh kernel: ACPI FADT declares the system doesn't support PCIe ASPM, so disable it
2025-01-26T20:43:25.888646+05:30 dinesh kernel: acpiphp: ACPI Hot Plug PCI Controller Driver version: 0.5
2025-01-26T20:43:25.888647+05:30 dinesh kernel: PCI: ECAM [mem 0xe0000000-0xefffffff] (base 0xe0000000) for domain 0000 [bus 00-ff]
2025-01-26T20:43:25.888649+05:30 dinesh kernel: PCI: Using configuration type 1 for base access
2025-01-26T20:43:25.888650+05:30 dinesh kernel: kprobes: kprobe jump-optimization is enabled. All kprobes are optimized if possible.
2025-01-26T20:43:25.888652+05:30 dinesh kernel: HugeTLB: registered 1.00 GiB page size, pre-allocated 0 pages
2025-01-26T20:43:25.888653+05:30 dinesh kernel: HugeTLB: 16380 KiB vmemmap can be freed for a 1.00 GiB page
2025-01-26T20:43:25.888654+05:30 dinesh kernel: HugeTLB: registered 2.00 MiB page size, pre-allocated 0 pages
2025-01-26T20:43:25.888656+05:30 dinesh kernel: HugeTLB: 28 KiB vmemmap can be freed for a 2.00 MiB page
2025-01-26T20:43:25.888669+05:30 dinesh kernel: ACPI: Added _OSI(Module Device)
2025-01-26T20:43:25.888671+05:30 dinesh kernel: ACPI: Added _OSI(Processor Device)
2025-01-26T20:43:25.888673+05:30 dinesh kernel: ACPI: Added _OSI(3.0 _SCP Extensions)
2025-01-26T20:43:25.888674+05:30 dinesh kernel: ACPI: Added _OSI(Processor Aggregator Device)
2025-01-26T20:43:25.888675+05:30 dinesh kernel: ACPI BIOS Error (bug): Could not resolve symbol [\_SB.PCI0.LPCB.HEC], AE_NOT_FOUND (20230628/dswload2-162)
2025-01-26T20:43:25.888677+05:30 dinesh kernel: ACPI Error: AE_NOT_FOUND, During name lookup/catalog (20230628/psobject-220)
2025-01-26T20:43:25.888678+05:30 dinesh kernel: ACPI: Skipping parse of AML opcode: Scope (0x0010)
2025-01-26T20:43:25.888680+05:30 dinesh kernel: ACPI BIOS Error (bug): Failure creating named object [\_SB.BAT1], AE_ALREADY_EXISTS (20230628/dswload2-326)
2025-01-26T20:43:25.888681+05:30 dinesh kernel: ACPI Error: AE_ALREADY_EXISTS, During name lookup/catalog (20230628/psobject-220)
2025-01-26T20:43:25.888683+05:30 dinesh kernel: ACPI: Skipping parse of AML opcode: Device (0x5B82)
2025-01-26T20:43:25.888693+05:30 dinesh kernel: ACPI BIOS Error (bug): Failure creating named object [\_TZ.ETMD], AE_ALREADY_EXISTS (20230628/dswload2-326)
2025-01-26T20:43:25.888695+05:30 dinesh kernel: ACPI Error: AE_ALREADY_EXISTS, During name lookup/catalog (20230628/psobject-220)
2025-01-26T20:43:25.888697+05:30 dinesh kernel: ACPI BIOS Error (bug): Failure creating named object [\_SB.PCI0.XHC.RHUB.GPLD], AE_ALREADY_EXISTS (20230628/dswload2-326)
2025-01-26T20:43:25.888698+05:30 dinesh kernel: ACPI Error: AE_ALREADY_EXISTS, During name lookup/catalog (20230628/psobject-220)
2025-01-26T20:43:25.888700+05:30 dinesh kernel: ACPI: Skipping parse of AML opcode: Method (0x0014)
2025-01-26T20:43:25.888701+05:30 dinesh kernel: ACPI BIOS Error (bug): Failure creating named object [\_SB.PCI0.XHC.RHUB.TPLD], AE_ALREADY_EXISTS (20230628/dswload2-326)
2025-01-26T20:43:25.888703+05:30 dinesh kernel: ACPI Error: AE_ALREADY_EXISTS, During name lookup/catalog (20230628/psobject-220)
2025-01-26T20:43:25.888704+05:30 dinesh kernel: ACPI: Skipping parse of AML opcode: Method (0x0014)
2025-01-26T20:43:25.888706+05:30 dinesh kernel: ACPI BIOS Error (bug): Failure creating named object [\_SB.PCI0.XHC.RHUB.GUPC], AE_ALREADY_EXISTS (20230628/dswload2-326)
2025-01-26T20:43:25.888707+05:30 dinesh kernel: ACPI Error: AE_ALREADY_EXISTS, During name lookup/catalog (20230628/psobject-220)
2025-01-26T20:43:25.888717+05:30 dinesh kernel: ACPI: Skipping parse of AML opcode: Method (0x0014)
2025-01-26T20:43:25.888719+05:30 dinesh kernel: ACPI BIOS Error (bug): Failure creating named object [\_SB.PCI0.XHC.RHUB.TUPC], AE_ALREADY_EXISTS (20230628/dswload2-326)
2025-01-26T20:43:25.888721+05:30 dinesh kernel: ACPI Error: AE_ALREADY_EXISTS, During name lookup/catalog (20230628/psobject-220)
2025-01-26T20:43:25.888722+05:30 dinesh kernel: ACPI: Skipping parse of AML opcode: Method (0x0014)
2025-01-26T20:43:25.888723+05:30 dinesh kernel: ACPI BIOS Error (bug): Failure creating named object [\_SB.PCI0.XHC.RHUB.HS01._UPC], AE_ALREADY_EXISTS (20230628/dswload2-326)
2025-01-26T20:43:25.888725+05:30 dinesh kernel: ACPI Error: AE_ALREADY_EXISTS, During name lookup/catalog (20230628/psobject-220)
2025-01-26T20:43:25.888726+05:30 dinesh kernel: ACPI: Skipping parse of AML opcode: Method (0x0014)
2025-01-26T20:43:25.888728+05:30 dinesh kernel: ACPI BIOS Error (bug): Failure creating named object [\_SB.PCI0.XHC.RHUB.HS01._PLD], AE_ALREADY_EXISTS (20230628/dswload2-326)
2025-01-26T20:43:25.888729+05:30 dinesh kernel: ACPI Error: AE_ALREADY_EXISTS, During name lookup/catalog (20230628/psobject-220)
2025-01-26T20:43:25.888739+05:30 dinesh kernel: ACPI: Skipping parse of AML opcode: Method (0x0014)
2025-01-26T20:43:25.888741+05:30 dinesh kernel: ACPI BIOS Error (bug): Failure creating named object [\_SB.PCI0.XHC.RHUB.HS02._UPC], AE_ALREADY_EXISTS (20230628/dswload2-326)
2025-01-26T20:43:25.888742+05:30 dinesh kernel: ACPI Error: AE_ALREADY_EXISTS, During name lookup/catalog (20230628/psobject-220)
2025-01-26T20:43:25.888744+05:30 dinesh kernel: ACPI: Skipping parse of AML opcode: Method (0x0014)
2025-01-26T20:43:25.888745+05:30 dinesh kernel: ACPI BIOS Error (bug): Failure creating named object [\_SB.PCI0.XHC.RHUB.HS02._PLD], AE_ALREADY_EXISTS (20230628/dswload2-326)
2025-01-26T20:43:25.888746+05:30 dinesh kernel: ACPI Error: AE_ALREADY_EXISTS, During name lookup/catalog (20230628/psobject-220)
2025-01-26T20:43:25.888756+05:30 dinesh kernel: ACPI: Skipping parse of AML opcode: Method (0x0014)
2025-01-26T20:43:25.888758+05:30 dinesh kernel: ACPI BIOS Error (bug): Failure creating named object [\_SB.PCI0.XHC.RHUB.HS03._UPC], AE_ALREADY_EXISTS (20230628/dswload2-326)
2025-01-26T20:43:25.888760+05:30 dinesh kernel: ACPI Error: AE_ALREADY_EXISTS, During name lookup/catalog (20230628/psobject-220)
2025-01-26T20:43:25.888769+05:30 dinesh kernel: ACPI: Skipping parse of AML opcode: Method (0x0014)
2025-01-26T20:43:25.888771+05:30 dinesh kernel: ACPI BIOS Error (bug): Failure creating named object [\_SB.PCI0.XHC.RHUB.HS03._PLD], AE_ALREADY_EXISTS (20230628/dswload2-326)
2025-01-26T20:43:25.888773+05:30 dinesh kernel: ACPI Error: AE_ALREADY_EXISTS, During name lookup/catalog (20230628/psobject-220)
2025-01-26T20:43:25.888774+05:30 dinesh kernel: ACPI: Skipping parse of AML opcode: Method (0x0014)
2025-01-26T20:43:25.888784+05:30 dinesh kernel: ACPI BIOS Error (bug): Failure creating named object [\_SB.PCI0.XHC.RHUB.HS04._UPC], AE_ALREADY_EXISTS (20230628/dswload2-326)
2025-01-26T20:43:25.888787+05:30 dinesh kernel: ACPI Error: AE_ALREADY_EXISTS, During name lookup/catalog (20230628/psobject-220)
2025-01-26T20:43:25.888796+05:30 dinesh kernel: ACPI: Skipping parse of AML opcode: Method (0x0014)
2025-01-26T20:43:25.888806+05:30 dinesh kernel: ACPI BIOS Error (bug): Failure creating named object [\_SB.PCI0.XHC.RHUB.HS04._PLD], AE_ALREADY_EXISTS (20230628/dswload2-326)
2025-01-26T20:43:25.888808+05:30 dinesh kernel: ACPI Error: AE_ALREADY_EXISTS, During name lookup/catalog (20230628/psobject-220)
2025-01-26T20:43:25.888810+05:30 dinesh kernel: ACPI: Skipping parse of AML opcode: Method (0x0014)
2025-01-26T20:43:25.888812+05:30 dinesh kernel: ACPI BIOS Error (bug): Failure creating named object [\_SB.PCI0.XHC.RHUB.HS05._UPC], AE_ALREADY_EXISTS (20230628/dswload2-326)
2025-01-26T20:43:25.888814+05:30 dinesh kernel: ACPI Error: AE_ALREADY_EXISTS, During name lookup/catalog (20230628/psobject-220)
2025-01-26T20:43:25.888815+05:30 dinesh kernel: ACPI: Skipping parse of AML opcode: Method (0x0014)
2025-01-26T20:43:25.888817+05:30 dinesh kernel: ACPI BIOS Error (bug): Failure creating named object [\_SB.PCI0.XHC.RHUB.HS05._PLD], AE_ALREADY_EXISTS (20230628/dswload2-326)
2025-01-26T20:43:25.888889+05:30 dinesh kernel: ACPI Error: AE_ALREADY_EXISTS, During name lookup/catalog (20230628/psobject-220)
2025-01-26T20:43:25.888892+05:30 dinesh kernel: ACPI: Skipping parse of AML opcode: Method (0x0014)
2025-01-26T20:43:25.888894+05:30 dinesh kernel: ACPI BIOS Error (bug): Failure creating named object [\_SB.PCI0.XHC.RHUB.HS06._UPC], AE_ALREADY_EXISTS (20230628/dswload2-326)
2025-01-26T20:43:25.888895+05:30 dinesh kernel: ACPI Error: AE_ALREADY_EXISTS, During name lookup/catalog (20230628/psobject-220)
2025-01-26T20:43:25.888898+05:30 dinesh kernel: ACPI: Skipping parse of AML opcode: Method (0x0014)
2025-01-26T20:43:25.888899+05:30 dinesh kernel: ACPI BIOS Error (bug): Failure creating named object [\_SB.PCI0.XHC.RHUB.HS06._PLD], AE_ALREADY_EXISTS (20230628/dswload2-326)
2025-01-26T20:43:25.888902+05:30 dinesh kernel: ACPI Error: AE_ALREADY_EXISTS, During name lookup/catalog (20230628/psobject-220)
2025-01-26T20:43:25.888904+05:30 dinesh kernel: ACPI: Skipping parse of AML opcode: Method (0x0014)
2025-01-26T20:43:25.888907+05:30 dinesh kernel: ACPI BIOS Error (bug): Failure creating named object [\_SB.PCI0.XHC.RHUB.HS07._UPC], AE_ALREADY_EXISTS (20230628/dswload2-326)
2025-01-26T20:43:25.888909+05:30 dinesh kernel: ACPI Error: AE_ALREADY_EXISTS, During name lookup/catalog (20230628/psobject-220)
2025-01-26T20:43:25.888911+05:30 dinesh kernel: ACPI: Skipping parse of AML opcode: Method (0x0014)
2025-01-26T20:43:25.888913+05:30 dinesh kernel: ACPI BIOS Error (bug): Failure creating named object [\_SB.PCI0.XHC.RHUB.HS07._PLD], AE_ALREADY_EXISTS (20230628/dswload2-326)
2025-01-26T20:43:25.888916+05:30 dinesh kernel: ACPI Error: AE_ALREADY_EXISTS, During name lookup/catalog (20230628/psobject-220)
2025-01-26T20:43:25.888918+05:30 dinesh kernel: ACPI: Skipping parse of AML opcode: Method (0x0014)
2025-01-26T20:43:25.888920+05:30 dinesh kernel: ACPI BIOS Error (bug): Failure creating named object [\_SB.PCI0.XHC.RHUB.HS08._UPC], AE_ALREADY_EXISTS (20230628/dswload2-326)
2025-01-26T20:43:25.888922+05:30 dinesh kernel: ACPI Error: AE_ALREADY_EXISTS, During name lookup/catalog (20230628/psobject-220)
2025-01-26T20:43:25.888925+05:30 dinesh kernel: ACPI: Skipping parse of AML opcode: Method (0x0014)
2025-01-26T20:43:25.888926+05:30 dinesh kernel: ACPI BIOS Error (bug): Failure creating named object [\_SB.PCI0.XHC.RHUB.HS08._PLD], AE_ALREADY_EXISTS (20230628/dswload2-326)
2025-01-26T20:43:25.888938+05:30 dinesh kernel: ACPI Error: AE_ALREADY_EXISTS, During name lookup/catalog (20230628/psobject-220)
2025-01-26T20:43:25.888940+05:30 dinesh kernel: ACPI: Skipping parse of AML opcode: Method (0x0014)
2025-01-26T20:43:25.888941+05:30 dinesh kernel: ACPI BIOS Error (bug): Failure creating named object [\_SB.PCI0.XHC.RHUB.HS09._UPC], AE_ALREADY_EXISTS (20230628/dswload2-326)
2025-01-26T20:43:25.888944+05:30 dinesh kernel: ACPI Error: AE_ALREADY_EXISTS, During name lookup/catalog (20230628/psobject-220)
2025-01-26T20:43:25.888945+05:30 dinesh kernel: ACPI: Skipping parse of AML opcode: Method (0x0014)
2025-01-26T20:43:25.888948+05:30 dinesh kernel: ACPI BIOS Error (bug): Failure creating named object [\_SB.PCI0.XHC.RHUB.HS09._PLD], AE_ALREADY_EXISTS (20230628/dswload2-326)
2025-01-26T20:43:25.888950+05:30 dinesh kernel: ACPI Error: AE_ALREADY_EXISTS, During name lookup/catalog (20230628/psobject-220)
2025-01-26T20:43:25.888967+05:30 dinesh kernel: ACPI: Skipping parse of AML opcode: Method (0x0014)
2025-01-26T20:43:25.888969+05:30 dinesh kernel: ACPI BIOS Error (bug): Failure creating named object [\_SB.PCI0.XHC.RHUB.HS10._UPC], AE_ALREADY_EXISTS (20230628/dswload2-326)
2025-01-26T20:43:25.888970+05:30 dinesh kernel: ACPI Error: AE_ALREADY_EXISTS, During name lookup/catalog (20230628/psobject-220)
2025-01-26T20:43:25.888972+05:30 dinesh kernel: ACPI: Skipping parse of AML opcode: Method (0x0014)
2025-01-26T20:43:25.888973+05:30 dinesh kernel: ACPI BIOS Error (bug): Failure creating named object [\_SB.PCI0.XHC.RHUB.HS10._PLD], AE_ALREADY_EXISTS (20230628/dswload2-326)
2025-01-26T20:43:25.888975+05:30 dinesh kernel: ACPI Error: AE_ALREADY_EXISTS, During name lookup/catalog (20230628/psobject-220)
2025-01-26T20:43:25.888976+05:30 dinesh kernel: ACPI: Skipping parse of AML opcode: Method (0x0014)
2025-01-26T20:43:25.888978+05:30 dinesh kernel: ACPI BIOS Error (bug): Failure creating named object [\_SB.PCI0.XHC.RHUB.HS11._UPC], AE_ALREADY_EXISTS (20230628/dswload2-326)
2025-01-26T20:43:25.888988+05:30 dinesh kernel: ACPI Error: AE_ALREADY_EXISTS, During name lookup/catalog (20230628/psobject-220)
2025-01-26T20:43:25.888990+05:30 dinesh kernel: ACPI: Skipping parse of AML opcode: Method (0x0014)
2025-01-26T20:43:25.888991+05:30 dinesh kernel: ACPI BIOS Error (bug): Failure creating named object [\_SB.PCI0.XHC.RHUB.HS11._PLD], AE_ALREADY_EXISTS (20230628/dswload2-326)
2025-01-26T20:43:25.888992+05:30 dinesh kernel: ACPI Error: AE_ALREADY_EXISTS, During name lookup/catalog (20230628/psobject-220)
2025-01-26T20:43:25.888995+05:30 dinesh kernel: ACPI: Skipping parse of AML opcode: Method (0x0014)
2025-01-26T20:43:25.888997+05:30 dinesh kernel: ACPI BIOS Error (bug): Failure creating named object [\_SB.PCI0.XHC.RHUB.HS12._UPC], AE_ALREADY_EXISTS (20230628/dswload2-326)
2025-01-26T20:43:25.888998+05:30 dinesh kernel: ACPI Error: AE_ALREADY_EXISTS, During name lookup/catalog (20230628/psobject-220)
2025-01-26T20:43:25.889001+05:30 dinesh kernel: ACPI: Skipping parse of AML opcode: Method (0x0014)
2025-01-26T20:43:25.889002+05:30 dinesh kernel: ACPI BIOS Error (bug): Failure creating named object [\_SB.PCI0.XHC.RHUB.HS12._PLD], AE_ALREADY_EXISTS (20230628/dswload2-326)
2025-01-26T20:43:25.889009+05:30 dinesh kernel: ACPI Error: AE_ALREADY_EXISTS, During name lookup/catalog (20230628/psobject-220)
2025-01-26T20:43:25.889011+05:30 dinesh kernel: ACPI: Skipping parse of AML opcode: Method (0x0014)
2025-01-26T20:43:25.889012+05:30 dinesh kernel: ACPI BIOS Error (bug): Failure creating named object [\_SB.PCI0.XHC.RHUB.HS13._UPC], AE_ALREADY_EXISTS (20230628/dswload2-326)
2025-01-26T20:43:25.889014+05:30 dinesh kernel: ACPI Error: AE_ALREADY_EXISTS, During name lookup/catalog (20230628/psobject-220)
2025-01-26T20:43:25.889016+05:30 dinesh kernel: ACPI: Skipping parse of AML opcode: Method (0x0014)
2025-01-26T20:43:25.889017+05:30 dinesh kernel: ACPI BIOS Error (bug): Failure creating named object [\_SB.PCI0.XHC.RHUB.HS13._PLD], AE_ALREADY_EXISTS (20230628/dswload2-326)
2025-01-26T20:43:25.889019+05:30 dinesh kernel: ACPI Error: AE_ALREADY_EXISTS, During name lookup/catalog (20230628/psobject-220)
2025-01-26T20:43:25.889020+05:30 dinesh kernel: ACPI: Skipping parse of AML opcode: Method (0x0014)
2025-01-26T20:43:25.889022+05:30 dinesh kernel: ACPI BIOS Error (bug): Failure creating named object [\_SB.PCI0.XHC.RHUB.HS14._UPC], AE_ALREADY_EXISTS (20230628/dswload2-326)
2025-01-26T20:43:25.889023+05:30 dinesh kernel: ACPI Error: AE_ALREADY_EXISTS, During name lookup/catalog (20230628/psobject-220)
2025-01-26T20:43:25.889025+05:30 dinesh kernel: ACPI: Skipping parse of AML opcode: Method (0x0014)
2025-01-26T20:43:25.889026+05:30 dinesh kernel: ACPI BIOS Error (bug): Failure creating named object [\_SB.PCI0.XHC.RHUB.HS14._PLD], AE_ALREADY_EXISTS (20230628/dswload2-326)
2025-01-26T20:43:25.889028+05:30 dinesh kernel: ACPI Error: AE_ALREADY_EXISTS, During name lookup/catalog (20230628/psobject-220)
2025-01-26T20:43:25.889029+05:30 dinesh kernel: ACPI: Skipping parse of AML opcode: Method (0x0014)
2025-01-26T20:43:25.889031+05:30 dinesh kernel: ACPI BIOS Error (bug): Failure creating named object [\_SB.PCI0.XHC.RHUB.USR1._UPC], AE_ALREADY_EXISTS (20230628/dswload2-326)
2025-01-26T20:43:25.889032+05:30 dinesh kernel: ACPI Error: AE_ALREADY_EXISTS, During name lookup/catalog (20230628/psobject-220)
2025-01-26T20:43:25.889034+05:30 dinesh kernel: ACPI: Skipping parse of AML opcode: Method (0x0014)
2025-01-26T20:43:25.889035+05:30 dinesh kernel: ACPI BIOS Error (bug): Failure creating named object [\_SB.PCI0.XHC.RHUB.USR1._PLD], AE_ALREADY_EXISTS (20230628/dswload2-326)
2025-01-26T20:43:25.889037+05:30 dinesh kernel: ACPI Error: AE_ALREADY_EXISTS, During name lookup/catalog (20230628/psobject-220)
2025-01-26T20:43:25.889038+05:30 dinesh kernel: ACPI: Skipping parse of AML opcode: Method (0x0014)
2025-01-26T20:43:25.889040+05:30 dinesh kernel: ACPI BIOS Error (bug): Failure creating named object [\_SB.PCI0.XHC.RHUB.USR2._UPC], AE_ALREADY_EXISTS (20230628/dswload2-326)
2025-01-26T20:43:25.889041+05:30 dinesh kernel: ACPI Error: AE_ALREADY_EXISTS, During name lookup/catalog (20230628/psobject-220)
2025-01-26T20:43:25.889042+05:30 dinesh kernel: ACPI: Skipping parse of AML opcode: Method (0x0014)
2025-01-26T20:43:25.889044+05:30 dinesh kernel: ACPI BIOS Error (bug): Failure creating named object [\_SB.PCI0.XHC.RHUB.USR2._PLD], AE_ALREADY_EXISTS (20230628/dswload2-326)
2025-01-26T20:43:25.889045+05:30 dinesh kernel: ACPI Error: AE_ALREADY_EXISTS, During name lookup/catalog (20230628/psobject-220)
2025-01-26T20:43:25.889047+05:30 dinesh kernel: ACPI: Skipping parse of AML opcode: Method (0x0014)
2025-01-26T20:43:25.889048+05:30 dinesh kernel: ACPI BIOS Error (bug): Failure creating named object [\_SB.PCI0.XHC.RHUB.SS01._UPC], AE_ALREADY_EXISTS (20230628/dswload2-326)
2025-01-26T20:43:25.889050+05:30 dinesh kernel: ACPI Error: AE_ALREADY_EXISTS, During name lookup/catalog (20230628/psobject-220)
2025-01-26T20:43:25.889051+05:30 dinesh kernel: ACPI: Skipping parse of AML opcode: Method (0x0014)
2025-01-26T20:43:25.889053+05:30 dinesh kernel: ACPI BIOS Error (bug): Failure creating named object [\_SB.PCI0.XHC.RHUB.SS01._PLD], AE_ALREADY_EXISTS (20230628/dswload2-326)
2025-01-26T20:43:25.889054+05:30 dinesh kernel: ACPI Error: AE_ALREADY_EXISTS, During name lookup/catalog (20230628/psobject-220)
2025-01-26T20:43:25.889055+05:30 dinesh kernel: ACPI: Skipping parse of AML opcode: Method (0x0014)
2025-01-26T20:43:25.889057+05:30 dinesh kernel: ACPI BIOS Error (bug): Failure creating named object [\_SB.PCI0.XHC.RHUB.SS02._UPC], AE_ALREADY_EXISTS (20230628/dswload2-326)
2025-01-26T20:43:25.889058+05:30 dinesh kernel: ACPI Error: AE_ALREADY_EXISTS, During name lookup/catalog (20230628/psobject-220)
2025-01-26T20:43:25.889060+05:30 dinesh kernel: ACPI: Skipping parse of AML opcode: Method (0x0014)
2025-01-26T20:43:25.889137+05:30 dinesh kernel: ACPI BIOS Error (bug): Failure creating named object [\_SB.PCI0.XHC.RHUB.SS02._PLD], AE_ALREADY_EXISTS (20230628/dswload2-326)
2025-01-26T20:43:25.889139+05:30 dinesh kernel: ACPI Error: AE_ALREADY_EXISTS, During name lookup/catalog (20230628/psobject-220)
2025-01-26T20:43:25.889141+05:30 dinesh kernel: ACPI: Skipping parse of AML opcode: Method (0x0014)
2025-01-26T20:43:25.889142+05:30 dinesh kernel: ACPI BIOS Error (bug): Failure creating named object [\_SB.PCI0.XHC.RHUB.SS03._UPC], AE_ALREADY_EXISTS (20230628/dswload2-326)
2025-01-26T20:43:25.889143+05:30 dinesh kernel: ACPI Error: AE_ALREADY_EXISTS, During name lookup/catalog (20230628/psobject-220)
2025-01-26T20:43:25.889145+05:30 dinesh kernel: ACPI: Skipping parse of AML opcode: Method (0x0014)
2025-01-26T20:43:25.889146+05:30 dinesh kernel: ACPI BIOS Error (bug): Failure creating named object [\_SB.PCI0.XHC.RHUB.SS03._PLD], AE_ALREADY_EXISTS (20230628/dswload2-326)
2025-01-26T20:43:25.889148+05:30 dinesh kernel: ACPI Error: AE_ALREADY_EXISTS, During name lookup/catalog (20230628/psobject-220)
2025-01-26T20:43:25.889149+05:30 dinesh kernel: ACPI: Skipping parse of AML opcode: Method (0x0014)
2025-01-26T20:43:25.889151+05:30 dinesh kernel: ACPI BIOS Error (bug): Failure creating named object [\_SB.PCI0.XHC.RHUB.SS04._UPC], AE_ALREADY_EXISTS (20230628/dswload2-326)
2025-01-26T20:43:25.889152+05:30 dinesh kernel: ACPI Error: AE_ALREADY_EXISTS, During name lookup/catalog (20230628/psobject-220)
2025-01-26T20:43:25.889153+05:30 dinesh kernel: ACPI: Skipping parse of AML opcode: Method (0x0014)
2025-01-26T20:43:25.889155+05:30 dinesh kernel: ACPI BIOS Error (bug): Failure creating named object [\_SB.PCI0.XHC.RHUB.SS04._PLD], AE_ALREADY_EXISTS (20230628/dswload2-326)
2025-01-26T20:43:25.889156+05:30 dinesh kernel: ACPI Error: AE_ALREADY_EXISTS, During name lookup/catalog (20230628/psobject-220)
2025-01-26T20:43:25.889158+05:30 dinesh kernel: ACPI: Skipping parse of AML opcode: Method (0x0014)
2025-01-26T20:43:25.889159+05:30 dinesh kernel: ACPI BIOS Error (bug): Failure creating named object [\_SB.PCI0.XHC.RHUB.SS05._UPC], AE_ALREADY_EXISTS (20230628/dswload2-326)
2025-01-26T20:43:25.889161+05:30 dinesh kernel: ACPI Error: AE_ALREADY_EXISTS, During name lookup/catalog (20230628/psobject-220)
2025-01-26T20:43:25.889162+05:30 dinesh kernel: ACPI: Skipping parse of AML opcode: Method (0x0014)
2025-01-26T20:43:25.889163+05:30 dinesh kernel: ACPI BIOS Error (bug): Failure creating named object [\_SB.PCI0.XHC.RHUB.SS05._PLD], AE_ALREADY_EXISTS (20230628/dswload2-326)
2025-01-26T20:43:25.889165+05:30 dinesh kernel: ACPI Error: AE_ALREADY_EXISTS, During name lookup/catalog (20230628/psobject-220)
2025-01-26T20:43:25.889166+05:30 dinesh kernel: ACPI: Skipping parse of AML opcode: Method (0x0014)
2025-01-26T20:43:25.889167+05:30 dinesh kernel: ACPI BIOS Error (bug): Failure creating named object [\_SB.PCI0.XHC.RHUB.SS06._UPC], AE_ALREADY_EXISTS (20230628/dswload2-326)
2025-01-26T20:43:25.889169+05:30 dinesh kernel: ACPI Error: AE_ALREADY_EXISTS, During name lookup/catalog (20230628/psobject-220)
2025-01-26T20:43:25.889171+05:30 dinesh kernel: ACPI: Skipping parse of AML opcode: Method (0x0014)
2025-01-26T20:43:25.889172+05:30 dinesh kernel: ACPI BIOS Error (bug): Failure creating named object [\_SB.PCI0.XHC.RHUB.SS06._PLD], AE_ALREADY_EXISTS (20230628/dswload2-326)
2025-01-26T20:43:25.889174+05:30 dinesh kernel: ACPI Error: AE_ALREADY_EXISTS, During name lookup/catalog (20230628/psobject-220)
2025-01-26T20:43:25.889175+05:30 dinesh kernel: ACPI: Skipping parse of AML opcode: Method (0x0014)
2025-01-26T20:43:25.889176+05:30 dinesh kernel: ACPI BIOS Error (bug): Failure creating named object [\_SB.PCI0.XHC.RHUB.SS07._UPC], AE_ALREADY_EXISTS (20230628/dswload2-326)
2025-01-26T20:43:25.889178+05:30 dinesh kernel: ACPI Error: AE_ALREADY_EXISTS, During name lookup/catalog (20230628/psobject-220)
2025-01-26T20:43:25.889179+05:30 dinesh kernel: ACPI: Skipping parse of AML opcode: Method (0x0014)
2025-01-26T20:43:25.889180+05:30 dinesh kernel: ACPI BIOS Error (bug): Failure creating named object [\_SB.PCI0.XHC.RHUB.SS07._PLD], AE_ALREADY_EXISTS (20230628/dswload2-326)
2025-01-26T20:43:25.889182+05:30 dinesh kernel: ACPI Error: AE_ALREADY_EXISTS, During name lookup/catalog (20230628/psobject-220)
2025-01-26T20:43:25.889183+05:30 dinesh kernel: ACPI: Skipping parse of AML opcode: Method (0x0014)
2025-01-26T20:43:25.889202+05:30 dinesh kernel: ACPI BIOS Error (bug): Failure creating named object [\_SB.PCI0.XHC.RHUB.SS08._UPC], AE_ALREADY_EXISTS (20230628/dswload2-326)
2025-01-26T20:43:25.889204+05:30 dinesh kernel: ACPI Error: AE_ALREADY_EXISTS, During name lookup/catalog (20230628/psobject-220)
2025-01-26T20:43:25.889205+05:30 dinesh kernel: ACPI: Skipping parse of AML opcode: Method (0x0014)
2025-01-26T20:43:25.889207+05:30 dinesh kernel: ACPI BIOS Error (bug): Failure creating named object [\_SB.PCI0.XHC.RHUB.SS08._PLD], AE_ALREADY_EXISTS (20230628/dswload2-326)
2025-01-26T20:43:25.889208+05:30 dinesh kernel: ACPI Error: AE_ALREADY_EXISTS, During name lookup/catalog (20230628/psobject-220)
2025-01-26T20:43:25.889209+05:30 dinesh kernel: ACPI: Skipping parse of AML opcode: Method (0x0014)
2025-01-26T20:43:25.889210+05:30 dinesh kernel: ACPI BIOS Error (bug): Failure creating named object [\_SB.PCI0.XHC.RHUB.SS09._UPC], AE_ALREADY_EXISTS (20230628/dswload2-326)
2025-01-26T20:43:25.889212+05:30 dinesh kernel: ACPI Error: AE_ALREADY_EXISTS, During name lookup/catalog (20230628/psobject-220)
2025-01-26T20:43:25.889213+05:30 dinesh kernel: ACPI: Skipping parse of AML opcode: Method (0x0014)
2025-01-26T20:43:25.889214+05:30 dinesh kernel: ACPI BIOS Error (bug): Failure creating named object [\_SB.PCI0.XHC.RHUB.SS09._PLD], AE_ALREADY_EXISTS (20230628/dswload2-326)
2025-01-26T20:43:25.889216+05:30 dinesh kernel: ACPI Error: AE_ALREADY_EXISTS, During name lookup/catalog (20230628/psobject-220)
2025-01-26T20:43:25.889217+05:30 dinesh kernel: ACPI: Skipping parse of AML opcode: Method (0x0014)
2025-01-26T20:43:25.889218+05:30 dinesh kernel: ACPI BIOS Error (bug): Failure creating named object [\_SB.PCI0.XHC.RHUB.SS10._UPC], AE_ALREADY_EXISTS (20230628/dswload2-326)
2025-01-26T20:43:25.889220+05:30 dinesh kernel: ACPI Error: AE_ALREADY_EXISTS, During name lookup/catalog (20230628/psobject-220)
2025-01-26T20:43:25.889221+05:30 dinesh kernel: ACPI: Skipping parse of AML opcode: Method (0x0014)
2025-01-26T20:43:25.889228+05:30 dinesh kernel: ACPI BIOS Error (bug): Failure creating named object [\_SB.PCI0.XHC.RHUB.SS10._PLD], AE_ALREADY_EXISTS (20230628/dswload2-326)
2025-01-26T20:43:25.889229+05:30 dinesh kernel: ACPI Error: AE_ALREADY_EXISTS, During name lookup/catalog (20230628/psobject-220)
2025-01-26T20:43:25.889230+05:30 dinesh kernel: ACPI: Skipping parse of AML opcode: Method (0x0014)
2025-01-26T20:43:25.889232+05:30 dinesh kernel: ACPI: 12 ACPI AML tables successfully acquired and loaded
